preflight,physical_gpu=4,bdf=0001:0b:00.0,busy=0,vram_mib=283.8,processes=0,dpm=perf_determinism
config,physical_gpu=4,bdf=0001:0b:00.0,warmup=3,iters=70,impls=8wave_32x32,4wave_varlen,h3_flops=28653368031232
environment,gpu=AMD Instinct MI308X,arch=gfx942:sramecc+:xnack-,power_cap_w=650.0,numa_balancing=1
Use cuda device 0 with 99.2% Free mem : 190GB / 192 GB
sample,impl,index,elapsed_ms,native_tflops,h3_tflops,sclk_mean_mhz,sclk_min_mhz,sclk_max_mhz,power_mean_w,power_max_w,junction_max_c,mem_max_c,sensor_count
sample,8wave_32x32,0,133.638,214.458,214.410,1430.5,1400.0,1457.0,345.1,416.0,56.0,44.0,12
sample,8wave_32x32,1,129.646,221.061,221.012,1457.7,1431.0,1476.0,457.3,486.0,57.0,44.0,13
sample,8wave_32x32,2,146.931,195.055,195.012,1444.9,1316.0,1486.0,482.4,498.0,59.0,44.0,14
sample,8wave_32x32,3,178.477,160.580,160.544,1187.3,1110.0,1292.0,413.9,439.0,60.0,44.0,18
sample,8wave_32x32,4,178.515,160.545,160.510,1100.4,1079.0,1128.0,390.5,395.0,61.0,44.0,17
sample,8wave_32x32,5,178.674,160.402,160.367,1086.5,1074.0,1103.0,386.4,388.0,61.0,44.0,17
sample,8wave_32x32,6,144.090,198.901,198.857,1174.4,1093.0,1317.0,411.2,455.0,62.0,44.0,14
sample,8wave_32x32,7,133.718,214.330,214.282,1371.3,1334.0,1424.0,470.4,487.0,63.0,44.0,13
sample,8wave_32x32,8,132.310,216.611,216.563,1454.6,1431.0,1471.0,498.0,507.0,64.0,44.0,12
sample,8wave_32x32,9,178.240,160.793,160.757,1260.0,1136.0,1439.0,439.5,491.0,65.0,44.0,18
sample,8wave_32x32,10,178.046,160.968,160.932,1113.1,1084.0,1149.0,396.4,403.0,65.0,44.0,17
sample,8wave_32x32,11,178.365,160.680,160.644,1089.2,1075.0,1107.0,388.8,390.0,64.0,45.0,17
sample,8wave_32x32,12,159.769,179.382,179.342,1113.8,1091.0,1203.0,394.7,424.0,64.0,44.0,15
sample,8wave_32x32,13,133.811,214.181,214.133,1323.5,1234.0,1376.0,456.8,474.0,65.0,44.0,13
sample,8wave_32x32,14,129.490,221.327,221.278,1432.8,1388.0,1463.0,490.2,503.0,66.0,45.0,13
sample,8wave_32x32,15,165.502,173.168,173.130,1336.1,1186.0,1472.0,462.0,501.0,67.0,45.0,16
sample,8wave_32x32,16,178.253,160.781,160.746,1134.8,1093.0,1187.0,402.9,415.0,67.0,45.0,17
sample,8wave_32x32,17,177.809,161.182,161.147,1093.9,1077.0,1112.0,390.4,393.0,66.0,45.0,17
sample,8wave_32x32,18,173.105,165.563,165.526,1099.2,1077.0,1108.0,390.8,395.0,66.0,45.0,17
sample,8wave_32x32,19,135.207,211.970,211.923,1244.2,1107.0,1347.0,433.3,468.0,66.0,45.0,13
sample,8wave_32x32,20,130.378,219.820,219.772,1411.6,1358.0,1451.0,484.1,501.0,67.0,45.0,13
sample,8wave_32x32,21,150.102,190.935,190.893,1412.0,1272.0,1471.0,486.3,505.0,68.0,45.0,15
sample,8wave_32x32,22,178.999,160.111,160.076,1170.7,1106.0,1261.0,414.3,438.0,68.0,45.0,17
sample,8wave_32x32,23,177.467,161.493,161.457,1101.4,1082.0,1123.0,392.7,396.0,67.0,45.0,18
sample,8wave_32x32,24,173.120,165.548,165.512,1104.2,1097.0,1111.0,392.3,395.0,67.0,45.0,16
sample,8wave_32x32,25,149.415,191.813,191.770,1175.6,1105.0,1271.0,411.2,441.0,67.0,45.0,15
sample,8wave_32x32,26,130.981,218.808,218.760,1366.9,1290.0,1422.0,468.4,489.0,67.0,45.0,13
sample,8wave_32x32,27,134.972,212.338,212.291,1449.5,1414.0,1467.0,496.2,505.0,68.0,45.0,13
sample,8wave_32x32,28,178.598,160.470,160.435,1237.1,1132.0,1394.0,434.1,477.0,68.0,45.0,17
sample,8wave_32x32,29,178.354,160.690,160.655,1110.8,1083.0,1144.0,395.5,402.0,68.0,45.0,18
sample,8wave_32x32,30,172.544,166.101,166.064,1107.6,1099.0,1114.0,393.1,396.0,67.0,45.0,16
sample,8wave_32x32,31,160.858,178.168,178.129,1129.9,1108.0,1207.0,397.9,423.0,67.0,45.0,16
sample,8wave_32x32,32,135.031,212.246,212.199,1310.0,1201.0,1389.0,453.4,481.0,67.0,45.0,13
sample,8wave_32x32,33,129.698,220.973,220.924,1438.3,1397.0,1466.0,492.4,505.0,68.0,45.0,13
sample,8wave_32x32,34,168.233,170.357,170.319,1324.8,1179.0,1473.0,459.8,502.0,69.0,45.0,16
sample,8wave_32x32,35,178.694,160.384,160.349,1128.2,1089.0,1180.0,401.2,412.0,68.0,45.0,18
sample,8wave_32x32,36,172.482,166.160,166.124,1112.0,1104.0,1119.0,394.3,397.0,68.0,45.0,16
sample,8wave_32x32,37,172.035,166.592,166.555,1118.0,1108.0,1127.0,395.3,397.0,67.0,45.0,17
sample,8wave_32x32,38,137.634,208.232,208.186,1239.1,1122.0,1345.0,431.1,464.0,67.0,45.0,14
sample,8wave_32x32,39,130.653,219.358,219.309,1404.4,1359.0,1443.0,481.9,498.0,68.0,45.0,12
sample,8wave_32x32,40,153.059,187.246,187.204,1399.3,1255.0,1468.0,482.7,504.0,69.0,45.0,15
sample,8wave_32x32,41,178.918,160.183,160.148,1159.9,1100.0,1241.0,411.7,433.0,69.0,45.0,18
sample,8wave_32x32,42,172.984,165.679,165.642,1115.2,1106.0,1122.0,396.2,398.0,68.0,45.0,16
sample,8wave_32x32,43,172.056,166.572,166.535,1120.1,1112.0,1127.0,396.7,399.0,68.0,45.0,16
sample,8wave_32x32,44,151.408,189.288,189.246,1168.9,1116.0,1263.0,408.9,439.0,67.0,45.0,15
sample,8wave_32x32,45,132.011,217.101,217.053,1358.7,1283.0,1413.0,466.4,486.0,68.0,45.0,13
sample,8wave_32x32,46,138.363,207.134,207.089,1440.3,1389.0,1464.0,493.5,504.0,69.0,45.0,13
sample,8wave_32x32,47,178.644,160.429,160.394,1223.3,1125.0,1358.0,429.0,466.0,69.0,45.0,18
sample,8wave_32x32,48,172.084,166.545,166.508,1128.4,1119.0,1144.0,400.0,402.0,68.0,45.0,16
sample,8wave_32x32,49,172.815,165.840,165.803,1121.0,1111.0,1134.0,396.8,399.0,68.0,46.0,16
sample,8wave_32x32,50,163.471,175.320,175.281,1134.8,1114.0,1185.0,399.7,415.0,67.0,45.0,16
sample,8wave_32x32,51,134.038,213.817,213.770,1296.5,1190.0,1373.0,445.9,472.0,67.0,45.0,13
sample,8wave_32x32,52,130.257,220.024,219.975,1424.3,1381.0,1456.0,486.9,502.0,68.0,46.0,13
sample,8wave_32x32,53,172.849,165.808,165.771,1294.2,1156.0,1463.0,451.2,497.0,69.0,46.0,17
sample,8wave_32x32,54,171.732,166.887,166.850,1142.0,1123.0,1166.0,403.9,409.0,68.0,46.0,17
sample,8wave_32x32,55,173.118,165.550,165.514,1124.3,1112.0,1142.0,398.0,400.0,68.0,45.0,16
sample,8wave_32x32,56,170.857,167.741,167.704,1124.6,1113.0,1133.0,396.1,400.0,67.0,45.0,17
sample,8wave_32x32,57,140.045,204.646,204.601,1233.5,1132.0,1328.0,428.5,458.0,67.0,46.0,14
sample,8wave_32x32,58,131.555,217.853,217.805,1392.2,1345.0,1428.0,477.5,492.0,68.0,45.0,12
sample,8wave_32x32,59,156.774,182.809,182.768,1365.7,1221.0,1458.0,471.8,499.0,68.0,45.0,15
sample,8wave_32x32,60,172.804,165.851,165.815,1166.0,1133.0,1219.0,411.2,425.0,68.0,45.0,17
sample,8wave_32x32,61,172.423,166.217,166.181,1131.2,1117.0,1150.0,399.8,402.0,68.0,45.0,16
sample,8wave_32x32,62,172.546,166.099,166.063,1120.1,1113.0,1130.0,396.1,399.0,68.0,45.0,17
sample,8wave_32x32,63,152.150,188.365,188.323,1170.9,1120.0,1255.0,409.9,435.0,67.0,45.0,15
sample,8wave_32x32,64,133.031,215.436,215.388,1347.7,1271.0,1401.0,462.4,482.0,68.0,45.0,13
sample,8wave_32x32,65,141.921,201.942,201.897,1413.6,1355.0,1447.0,485.3,499.0,68.0,46.0,14
sample,8wave_32x32,66,173.462,165.222,165.185,1225.8,1151.0,1341.0,429.2,459.0,68.0,45.0,17
sample,8wave_32x32,67,171.655,166.961,166.924,1142.9,1126.0,1166.0,403.0,407.0,68.0,46.0,16
sample,8wave_32x32,68,173.157,165.513,165.476,1122.8,1112.0,1139.0,397.1,398.0,68.0,45.0,17
sample,8wave_32x32,69,163.352,175.447,175.408,1137.1,1115.0,1183.0,400.8,415.0,67.0,45.0,16
throttle,8wave_32x32,{"accumulation_counter": null, "hbm_thermal_accumulated": null, "ppt_accumulated": null, "prochot_accumulated": null, "socket_thermal_accumulated": null, "vr_thermal_accumulated": null}
sample,impl,index,elapsed_ms,native_tflops,h3_tflops,sclk_mean_mhz,sclk_min_mhz,sclk_max_mhz,power_mean_w,power_max_w,junction_max_c,mem_max_c,sensor_count
sample,4wave_varlen,0,139.613,205.234,205.234,1466.7,1445.0,1482.0,370.0,452.0,65.0,45.0,13
sample,4wave_varlen,1,139.151,205.915,205.915,1489.2,1483.0,1493.0,485.1,512.0,66.0,45.0,14
sample,4wave_varlen,2,140.014,204.647,204.647,1494.7,1494.0,1495.0,514.6,525.0,67.0,45.0,13
sample,4wave_varlen,3,180.845,158.442,158.442,1315.8,1205.0,1480.0,463.8,515.0,67.0,45.0,18
sample,4wave_varlen,4,181.394,157.962,157.962,1177.0,1154.0,1208.0,421.3,431.0,67.0,45.0,18
sample,4wave_varlen,5,181.496,157.873,157.873,1154.8,1146.0,1166.0,414.6,418.0,67.0,46.0,17
sample,4wave_varlen,6,148.892,192.444,192.444,1246.5,1146.0,1373.0,442.9,489.0,67.0,46.0,15
sample,4wave_varlen,7,139.258,205.758,205.758,1431.8,1385.0,1465.0,501.8,517.0,68.0,45.0,13
sample,4wave_varlen,8,139.109,205.978,205.978,1480.6,1468.0,1489.0,518.9,529.0,69.0,46.0,14
sample,4wave_varlen,9,173.218,165.418,165.418,1357.9,1230.0,1491.0,479.5,524.0,69.0,46.0,17
sample,4wave_varlen,10,180.918,158.378,158.378,1191.8,1161.0,1231.0,425.1,437.0,69.0,46.0,17
sample,4wave_varlen,11,181.531,157.843,157.843,1157.6,1147.0,1170.0,415.2,420.0,69.0,46.0,18
sample,4wave_varlen,12,158.126,181.206,181.206,1199.9,1150.0,1313.0,426.9,467.0,68.0,46.0,15
sample,4wave_varlen,13,142.542,201.018,201.018,1395.9,1331.0,1433.0,489.9,508.0,69.0,46.0,14
sample,4wave_varlen,14,139.652,205.177,205.177,1465.4,1440.0,1482.0,513.2,526.0,70.0,45.0,14
sample,4wave_varlen,15,160.493,178.533,178.533,1421.2,1288.0,1489.0,500.4,521.0,70.0,46.0,16
sample,4wave_varlen,16,181.068,158.246,158.246,1217.5,1171.0,1282.0,433.9,456.0,70.0,46.0,17
sample,4wave_varlen,17,181.102,158.217,158.217,1163.3,1149.0,1178.0,416.7,421.0,70.0,46.0,18
sample,4wave_varlen,18,167.468,171.098,171.098,1176.1,1155.0,1250.0,419.6,447.0,69.0,46.0,16
sample,4wave_varlen,19,142.290,201.373,201.373,1366.4,1275.0,1416.0,479.7,498.0,69.0,46.0,14
sample,4wave_varlen,20,139.802,204.957,204.957,1446.2,1412.0,1472.0,506.1,521.0,70.0,46.0,14
sample,4wave_varlen,21,151.426,189.224,189.224,1462.3,1375.0,1487.0,513.2,522.0,71.0,46.0,14
sample,4wave_varlen,22,181.266,158.073,158.073,1251.3,1182.0,1351.0,444.7,478.0,71.0,46.0,18
sample,4wave_varlen,23,180.867,158.422,158.422,1169.8,1153.0,1188.0,418.8,424.0,70.0,46.0,18
sample,4wave_varlen,24,175.181,163.564,163.564,1169.2,1160.0,1187.0,417.5,428.0,70.0,46.0,17
sample,4wave_varlen,25,141.174,202.965,202.965,1322.7,1210.0,1407.0,466.4,500.0,69.0,46.0,13
sample,4wave_varlen,26,142.136,201.592,201.592,1433.9,1415.0,1460.0,502.4,518.0,70.0,46.0,13
sample,4wave_varlen,27,142.343,201.298,201.298,1477.0,1464.0,1486.0,519.2,528.0,71.0,46.0,14
sample,4wave_varlen,28,181.363,157.989,157.989,1294.7,1197.0,1443.0,460.2,510.0,71.0,46.0,18
sample,4wave_varlen,29,180.819,158.464,158.464,1178.4,1157.0,1202.0,422.6,429.0,71.0,46.0,17
sample,4wave_varlen,30,176.644,162.210,162.210,1171.1,1164.0,1174.0,419.7,425.0,70.0,46.0,17
sample,4wave_varlen,31,148.088,193.488,193.488,1269.1,1183.0,1374.0,447.5,486.0,69.0,46.0,14
sample,4wave_varlen,32,142.783,200.678,200.678,1416.8,1387.0,1444.0,494.1,508.0,70.0,46.0,14
sample,4wave_varlen,33,139.396,205.553,205.553,1469.5,1449.0,1484.0,515.4,528.0,71.0,46.0,14
sample,4wave_varlen,34,175.702,163.079,163.079,1339.8,1221.0,1486.0,475.3,523.0,71.0,46.0,17
sample,4wave_varlen,35,180.731,158.542,158.542,1189.8,1161.0,1222.0,425.4,436.0,71.0,46.0,17
sample,4wave_varlen,36,176.390,162.443,162.443,1174.1,1160.0,1178.0,418.8,422.0,70.0,46.0,18
sample,4wave_varlen,37,157.336,182.116,182.116,1227.5,1180.0,1328.0,434.1,474.0,70.0,46.0,15
sample,4wave_varlen,38,145.827,196.489,196.489,1399.9,1346.0,1428.0,491.4,505.0,70.0,46.0,14
sample,4wave_varlen,39,139.717,205.082,205.082,1445.1,1404.0,1473.0,506.1,523.0,71.0,46.0,14
sample,4wave_varlen,40,163.347,175.415,175.415,1402.3,1272.0,1483.0,493.8,518.0,71.0,46.0,16
sample,4wave_varlen,41,180.875,158.415,158.415,1212.0,1170.0,1266.0,431.9,450.0,71.0,46.0,17
sample,4wave_varlen,42,176.235,162.586,162.586,1179.2,1168.0,1182.0,420.3,425.0,70.0,46.0,17
sample,4wave_varlen,43,165.847,172.770,172.770,1200.5,1178.0,1275.0,425.6,452.0,70.0,46.0,17
sample,4wave_varlen,44,142.037,201.732,201.732,1374.2,1297.0,1414.0,480.6,498.0,70.0,46.0,13
sample,4wave_varlen,45,143.788,199.275,199.275,1421.6,1392.0,1453.0,496.8,513.0,71.0,46.0,14
sample,4wave_varlen,46,154.278,185.725,185.725,1444.6,1344.0,1480.0,507.4,518.0,71.0,46.0,15
sample,4wave_varlen,47,181.060,158.253,158.253,1239.9,1179.0,1324.0,442.1,471.0,71.0,46.0,18
sample,4wave_varlen,48,176.196,162.622,162.622,1183.5,1177.0,1186.0,422.6,427.0,71.0,47.0,17
sample,4wave_varlen,49,172.913,165.709,165.709,1186.6,1179.0,1206.0,422.7,433.0,70.0,47.0,17
sample,4wave_varlen,50,142.252,201.426,201.426,1331.6,1224.0,1407.0,468.6,499.0,70.0,46.0,14
sample,4wave_varlen,51,145.460,196.984,196.984,1413.9,1392.0,1435.0,495.3,509.0,71.0,46.0,14
sample,4wave_varlen,52,145.047,197.545,197.545,1460.3,1430.0,1477.0,513.1,524.0,71.0,46.0,14
sample,4wave_varlen,53,181.232,158.104,158.104,1278.6,1192.0,1406.0,455.3,497.0,71.0,47.0,18
sample,4wave_varlen,54,176.169,162.647,162.647,1190.4,1184.0,1199.0,425.3,429.0,71.0,46.0,17
sample,4wave_varlen,55,175.666,163.113,163.113,1186.8,1185.0,1192.0,422.4,426.0,70.0,46.0,17
sample,4wave_varlen,56,147.354,194.453,194.453,1279.1,1192.0,1375.0,449.0,486.0,70.0,46.0,14
sample,4wave_varlen,57,146.184,196.008,196.008,1407.4,1387.0,1421.0,492.2,500.0,71.0,46.0,15
sample,4wave_varlen,58,139.401,205.547,205.547,1453.5,1423.0,1475.0,509.5,524.0,71.0,47.0,13
sample,4wave_varlen,59,178.274,160.726,160.726,1330.3,1216.0,1477.0,471.5,521.0,72.0,47.0,17
sample,4wave_varlen,60,176.301,162.525,162.525,1199.4,1188.0,1216.0,428.5,435.0,71.0,47.0,17
sample,4wave_varlen,61,175.836,162.955,162.955,1187.6,1185.0,1192.0,422.3,426.0,71.0,47.0,17
sample,4wave_varlen,62,156.142,183.509,183.509,1236.5,1186.0,1329.0,436.0,471.0,70.0,46.0,15
sample,4wave_varlen,63,145.206,197.329,197.329,1397.9,1344.0,1421.0,490.0,499.0,71.0,46.0,14
sample,4wave_varlen,64,140.352,204.154,204.154,1436.9,1399.0,1467.0,504.2,521.0,71.0,47.0,14
sample,4wave_varlen,65,169.053,169.493,169.493,1370.6,1244.0,1476.0,485.3,517.0,72.0,47.0,16
sample,4wave_varlen,66,176.412,162.423,162.423,1212.4,1191.0,1244.0,431.9,445.0,71.0,47.0,17
sample,4wave_varlen,67,177.195,161.705,161.705,1188.4,1164.0,1197.0,422.8,428.0,71.0,47.0,17
sample,4wave_varlen,68,163.208,175.564,175.564,1219.6,1199.0,1275.0,430.6,451.0,70.0,47.0,15
sample,4wave_varlen,69,142.166,201.548,201.548,1382.7,1311.0,1422.0,481.9,500.0,71.0,47.0,13
throttle,4wave_varlen,{"accumulation_counter": null, "hbm_thermal_accumulated": null, "ppt_accumulated": null, "prochot_accumulated": null, "socket_thermal_accumulated": null, "vr_thermal_accumulated": null}
output,/host_root/luocheng/pyhip/artifacts/h3-frequency-sweep/profile-1500-flydsl.json
