preflight,physical_gpu=4,bdf=0001:0b:00.0,busy=0,vram_mib=283.8,processes=0,dpm=perf_determinism
config,physical_gpu=4,bdf=0001:0b:00.0,warmup=3,iters=70,impls=8wave_32x32,4wave_varlen,h3_flops=28653368031232
environment,gpu=AMD Instinct MI308X,arch=gfx942:sramecc+:xnack-,power_cap_w=650.0,numa_balancing=1
Use cuda device 0 with 99.2% Free mem : 190GB / 192 GB
sample,impl,index,elapsed_ms,native_tflops,h3_tflops,sclk_mean_mhz,sclk_min_mhz,sclk_max_mhz,power_mean_w,power_max_w,junction_max_c,mem_max_c,sensor_count
sample,8wave_32x32,0,174.881,163.881,163.845,1108.4,1108.0,1109.0,308.6,361.0,56.0,46.0,16
sample,8wave_32x32,1,174.514,164.226,164.190,1109.0,1109.0,1109.0,379.2,391.0,57.0,46.0,16
sample,8wave_32x32,2,174.462,164.275,164.238,1109.0,1109.0,1109.0,391.8,396.0,59.0,46.0,16
sample,8wave_32x32,3,174.585,164.159,164.123,1109.0,1109.0,1109.0,394.4,397.0,60.0,46.0,16
sample,8wave_32x32,4,174.545,164.196,164.160,1109.3,1109.0,1110.0,395.0,398.0,61.0,47.0,17
sample,8wave_32x32,5,174.509,164.230,164.194,1109.0,1109.0,1109.0,395.9,398.0,61.0,47.0,16
sample,8wave_32x32,6,174.611,164.135,164.098,1109.8,1109.0,1110.0,395.9,398.0,62.0,47.0,16
sample,8wave_32x32,7,174.464,164.273,164.236,1110.0,1110.0,1110.0,395.2,397.0,63.0,47.0,17
sample,8wave_32x32,8,174.496,164.242,164.206,1109.5,1109.0,1110.0,395.1,397.0,63.0,47.0,17
sample,8wave_32x32,9,174.400,164.333,164.297,1109.8,1109.0,1110.0,394.7,397.0,64.0,47.0,17
sample,8wave_32x32,10,174.463,164.274,164.237,1109.0,1109.0,1109.0,395.2,398.0,64.0,47.0,17
sample,8wave_32x32,11,174.397,164.336,164.300,1109.3,1109.0,1110.0,395.5,398.0,64.0,47.0,17
sample,8wave_32x32,12,174.389,164.343,164.307,1110.0,1110.0,1110.0,395.9,398.0,65.0,47.0,17
sample,8wave_32x32,13,174.362,164.369,164.333,1110.0,1110.0,1110.0,395.6,398.0,65.0,47.0,17
sample,8wave_32x32,14,174.411,164.323,164.287,1110.0,1110.0,1110.0,395.6,398.0,65.0,47.0,17
sample,8wave_32x32,15,177.729,161.255,161.220,1108.7,1086.0,1110.0,395.3,399.0,65.0,47.0,18
sample,8wave_32x32,16,174.593,164.152,164.115,1099.5,1089.0,1106.0,393.1,397.0,65.0,47.0,17
sample,8wave_32x32,17,174.451,164.285,164.248,1108.1,1106.0,1109.0,395.4,398.0,65.0,47.0,17
sample,8wave_32x32,18,174.509,164.231,164.194,1109.9,1109.0,1110.0,395.8,399.0,66.0,47.0,17
sample,8wave_32x32,19,174.405,164.329,164.292,1110.0,1110.0,1110.0,396.0,398.0,66.0,47.0,17
sample,8wave_32x32,20,174.345,164.385,164.349,1110.0,1110.0,1110.0,395.8,399.0,66.0,47.0,17
sample,8wave_32x32,21,174.367,164.365,164.328,1110.0,1110.0,1110.0,395.5,398.0,66.0,47.0,17
sample,8wave_32x32,22,174.371,164.361,164.324,1110.0,1110.0,1110.0,396.5,399.0,66.0,47.0,17
sample,8wave_32x32,23,174.294,164.433,164.397,1110.0,1110.0,1110.0,396.2,399.0,66.0,47.0,17
sample,8wave_32x32,24,174.294,164.433,164.397,1110.0,1110.0,1110.0,396.1,398.0,66.0,47.0,17
sample,8wave_32x32,25,174.310,164.418,164.382,1110.0,1110.0,1110.0,396.2,399.0,66.0,47.0,17
sample,8wave_32x32,26,177.680,161.300,161.264,1101.1,1087.0,1110.0,394.1,397.0,66.0,47.0,17
sample,8wave_32x32,27,174.444,164.292,164.255,1105.9,1102.0,1108.0,394.9,398.0,66.0,47.0,17
sample,8wave_32x32,28,174.290,164.437,164.401,1109.0,1108.0,1110.0,396.2,398.0,66.0,47.0,17
sample,8wave_32x32,29,174.324,164.405,164.369,1110.0,1110.0,1110.0,395.9,398.0,66.0,47.0,17
sample,8wave_32x32,30,174.364,164.367,164.330,1110.0,1110.0,1110.0,396.2,399.0,66.0,47.0,17
sample,8wave_32x32,31,174.213,164.510,164.473,1110.0,1110.0,1110.0,396.4,399.0,66.0,47.0,17
sample,8wave_32x32,32,174.241,164.483,164.447,1109.9,1109.0,1110.0,396.7,399.0,66.0,47.0,17
sample,8wave_32x32,33,174.244,164.480,164.444,1109.5,1109.0,1110.0,395.9,398.0,66.0,47.0,17
sample,8wave_32x32,34,174.243,164.481,164.445,1110.0,1110.0,1110.0,396.2,399.0,66.0,47.0,17
sample,8wave_32x32,35,174.271,164.455,164.419,1110.0,1110.0,1110.0,396.4,399.0,66.0,47.0,17
sample,8wave_32x32,36,174.345,164.385,164.349,1110.0,1110.0,1110.0,396.4,398.0,66.0,47.0,17
sample,8wave_32x32,37,174.409,164.324,164.288,1110.0,1110.0,1110.0,395.7,398.0,66.0,47.0,17
sample,8wave_32x32,38,174.429,164.306,164.270,1110.0,1110.0,1110.0,396.0,399.0,66.0,47.0,17
sample,8wave_32x32,39,177.694,161.287,161.251,1099.2,1088.0,1110.0,393.9,398.0,66.0,47.0,17
sample,8wave_32x32,40,174.504,164.235,164.199,1107.8,1106.0,1109.0,395.4,399.0,66.0,47.0,17
sample,8wave_32x32,41,174.310,164.418,164.382,1109.8,1109.0,1110.0,396.4,399.0,66.0,47.0,17
sample,8wave_32x32,42,174.442,164.294,164.258,1110.0,1110.0,1110.0,396.6,399.0,66.0,47.0,17
sample,8wave_32x32,43,174.408,164.326,164.289,1110.0,1110.0,1110.0,396.2,399.0,66.0,47.0,17
sample,8wave_32x32,44,174.366,164.366,164.329,1110.0,1110.0,1110.0,396.1,398.0,66.0,47.0,17
sample,8wave_32x32,45,174.367,164.364,164.328,1110.0,1110.0,1110.0,396.0,398.0,66.0,47.0,17
sample,8wave_32x32,46,174.369,164.363,164.327,1109.4,1109.0,1110.0,396.0,399.0,66.0,47.0,17
sample,8wave_32x32,47,174.365,164.366,164.330,1110.0,1110.0,1110.0,396.7,399.0,66.0,47.0,17
sample,8wave_32x32,48,174.413,164.321,164.285,1110.0,1110.0,1110.0,395.9,398.0,66.0,48.0,17
sample,8wave_32x32,49,174.292,164.435,164.399,1110.0,1110.0,1110.0,395.8,398.0,66.0,48.0,17
sample,8wave_32x32,50,174.372,164.359,164.323,1110.0,1110.0,1110.0,396.5,399.0,66.0,47.0,17
sample,8wave_32x32,51,174.369,164.362,164.326,1110.0,1110.0,1110.0,396.4,398.0,66.0,47.0,17
sample,8wave_32x32,52,174.393,164.340,164.304,1110.0,1110.0,1110.0,396.4,399.0,66.0,47.0,17
sample,8wave_32x32,53,174.239,164.485,164.448,1110.0,1110.0,1110.0,396.3,399.0,66.0,47.0,17
sample,8wave_32x32,54,177.643,161.333,161.298,1099.8,1088.0,1110.0,393.5,398.0,66.0,48.0,17
sample,8wave_32x32,55,174.620,164.126,164.090,1107.2,1105.0,1109.0,395.1,398.0,66.0,48.0,17
sample,8wave_32x32,56,174.480,164.258,164.222,1109.8,1109.0,1110.0,395.7,398.0,66.0,47.0,17
sample,8wave_32x32,57,174.493,164.246,164.209,1110.0,1110.0,1110.0,395.2,398.0,66.0,47.0,17
sample,8wave_32x32,58,174.386,164.347,164.310,1110.0,1110.0,1110.0,396.2,399.0,66.0,47.0,17
sample,8wave_32x32,59,174.336,164.394,164.357,1110.0,1110.0,1110.0,396.1,399.0,66.0,47.0,17
sample,8wave_32x32,60,174.324,164.405,164.369,1110.0,1110.0,1110.0,396.1,399.0,66.0,47.0,17
sample,8wave_32x32,61,174.315,164.413,164.377,1110.0,1110.0,1110.0,396.2,400.0,66.0,47.0,17
sample,8wave_32x32,62,174.451,164.285,164.249,1110.0,1110.0,1110.0,396.8,399.0,66.0,47.0,17
sample,8wave_32x32,63,174.418,164.316,164.280,1110.0,1110.0,1110.0,396.2,398.0,66.0,47.0,17
sample,8wave_32x32,64,174.423,164.312,164.275,1110.0,1110.0,1110.0,396.5,399.0,66.0,47.0,17
sample,8wave_32x32,65,174.410,164.324,164.288,1110.1,1110.0,1111.0,396.2,398.0,66.0,47.0,17
sample,8wave_32x32,66,174.342,164.388,164.352,1110.2,1110.0,1111.0,395.7,398.0,66.0,47.0,17
sample,8wave_32x32,67,174.361,164.370,164.333,1110.0,1110.0,1110.0,395.5,398.0,66.0,47.0,17
sample,8wave_32x32,68,174.316,164.413,164.376,1110.0,1110.0,1110.0,396.1,399.0,66.0,47.0,17
sample,8wave_32x32,69,174.275,164.451,164.414,1110.0,1110.0,1110.0,396.2,398.0,66.0,47.0,17
throttle,8wave_32x32,{"accumulation_counter": null, "hbm_thermal_accumulated": null, "ppt_accumulated": null, "prochot_accumulated": null, "socket_thermal_accumulated": null, "vr_thermal_accumulated": null}
sample,impl,index,elapsed_ms,native_tflops,h3_tflops,sclk_mean_mhz,sclk_min_mhz,sclk_max_mhz,power_mean_w,power_max_w,junction_max_c,mem_max_c,sensor_count
sample,4wave_varlen,0,192.507,148.844,148.844,1106.2,1085.0,1110.0,318.8,374.0,62.0,47.0,18
sample,4wave_varlen,1,189.032,151.580,151.580,1101.7,1092.0,1107.0,390.1,406.0,62.0,47.0,19
sample,4wave_varlen,2,188.651,151.886,151.886,1108.8,1108.0,1109.0,403.9,411.0,63.0,47.0,18
sample,4wave_varlen,3,188.262,152.200,152.200,1110.0,1110.0,1110.0,405.6,412.0,63.0,47.0,18
sample,4wave_varlen,4,191.256,149.817,149.817,1099.6,1084.0,1110.0,403.8,410.0,64.0,47.0,19
sample,4wave_varlen,5,188.255,152.205,152.205,1107.4,1104.0,1109.0,405.4,412.0,64.0,47.0,18
sample,4wave_varlen,6,187.863,152.523,152.523,1109.8,1109.0,1110.0,406.5,410.0,64.0,47.0,19
sample,4wave_varlen,7,187.973,152.434,152.434,1110.0,1110.0,1110.0,405.1,412.0,65.0,47.0,18
sample,4wave_varlen,8,192.393,148.931,148.931,1097.3,1078.0,1110.0,403.2,410.0,65.0,48.0,19
sample,4wave_varlen,9,188.265,152.197,152.197,1106.2,1102.0,1109.0,405.8,413.0,65.0,47.0,18
sample,4wave_varlen,10,187.896,152.496,152.496,1109.7,1109.0,1110.0,406.4,412.0,65.0,47.0,18
sample,4wave_varlen,11,187.986,152.423,152.423,1110.0,1110.0,1110.0,406.4,413.0,65.0,48.0,19
sample,4wave_varlen,12,187.932,152.467,152.467,1110.7,1110.0,1111.0,406.0,411.0,66.0,48.0,18
sample,4wave_varlen,13,191.372,149.726,149.726,1100.1,1086.0,1111.0,403.3,410.0,66.0,48.0,19
sample,4wave_varlen,14,188.329,152.145,152.145,1107.9,1106.0,1109.0,405.4,412.0,66.0,48.0,18
sample,4wave_varlen,15,187.896,152.496,152.496,1109.7,1109.0,1110.0,405.2,410.0,66.0,48.0,18
sample,4wave_varlen,16,187.996,152.415,152.415,1110.0,1110.0,1110.0,405.2,411.0,66.0,48.0,19
sample,4wave_varlen,17,187.886,152.504,152.504,1110.0,1110.0,1110.0,406.0,412.0,66.0,48.0,18
sample,4wave_varlen,18,192.319,148.989,148.989,1106.6,1075.0,1111.0,407.2,413.0,66.0,48.0,19
sample,4wave_varlen,19,188.251,152.208,152.208,1096.6,1082.0,1105.0,403.8,412.0,66.0,48.0,18
sample,4wave_varlen,20,187.883,152.506,152.506,1108.3,1106.0,1110.0,406.7,413.0,66.0,48.0,18
sample,4wave_varlen,21,187.840,152.541,152.541,1110.0,1110.0,1110.0,407.9,414.0,66.0,48.0,19
sample,4wave_varlen,22,187.836,152.544,152.544,1110.7,1110.0,1111.0,407.6,412.0,66.0,48.0,18
sample,4wave_varlen,23,187.959,152.445,152.445,1111.0,1111.0,1111.0,406.2,412.0,66.0,48.0,18
sample,4wave_varlen,24,187.865,152.521,152.521,1110.8,1110.0,1111.0,406.8,412.0,66.0,48.0,19
sample,4wave_varlen,25,191.150,149.900,149.900,1107.1,1085.0,1111.0,406.2,410.0,66.0,48.0,18
sample,4wave_varlen,26,188.230,152.225,152.225,1102.2,1092.0,1108.0,403.5,410.0,66.0,48.0,19
sample,4wave_varlen,27,187.811,152.565,152.565,1109.6,1108.0,1110.0,405.5,412.0,66.0,48.0,18
sample,4wave_varlen,28,187.825,152.554,152.554,1110.4,1110.0,1111.0,407.6,413.0,66.0,48.0,18
sample,4wave_varlen,29,187.847,152.536,152.536,1110.3,1110.0,1111.0,407.9,412.0,67.0,48.0,18
sample,4wave_varlen,30,188.022,152.394,152.394,1110.8,1110.0,1111.0,407.3,412.0,67.0,48.0,19
sample,4wave_varlen,31,187.916,152.479,152.479,1110.0,1110.0,1110.0,407.3,414.0,67.0,48.0,18
sample,4wave_varlen,32,187.881,152.508,152.508,1110.0,1110.0,1110.0,408.2,414.0,67.0,48.0,18
sample,4wave_varlen,33,187.891,152.500,152.500,1110.1,1110.0,1111.0,409.0,415.0,67.0,48.0,19
sample,4wave_varlen,34,191.237,149.831,149.831,1100.2,1088.0,1111.0,405.8,412.0,67.0,48.0,18
sample,4wave_varlen,35,188.274,152.190,152.190,1108.2,1106.0,1110.0,406.3,413.0,67.0,48.0,19
sample,4wave_varlen,36,187.805,152.570,152.570,1110.4,1110.0,1111.0,407.3,413.0,67.0,48.0,18
sample,4wave_varlen,37,187.877,152.512,152.512,1110.2,1110.0,1111.0,407.7,412.0,67.0,48.0,18
sample,4wave_varlen,38,187.814,152.562,152.562,1110.6,1110.0,1111.0,407.7,414.0,67.0,48.0,19
sample,4wave_varlen,39,187.880,152.509,152.509,1111.0,1111.0,1111.0,407.3,413.0,67.0,48.0,18
sample,4wave_varlen,40,187.797,152.576,152.576,1111.0,1111.0,1111.0,407.1,412.0,67.0,48.0,18
sample,4wave_varlen,41,187.790,152.582,152.582,1111.0,1111.0,1111.0,407.0,412.0,67.0,48.0,19
sample,4wave_varlen,42,187.776,152.593,152.593,1111.0,1111.0,1111.0,407.9,415.0,67.0,48.0,18
sample,4wave_varlen,43,187.794,152.579,152.579,1111.0,1111.0,1111.0,408.8,415.0,67.0,48.0,18
sample,4wave_varlen,44,191.098,149.941,149.941,1101.2,1089.0,1111.0,405.4,412.0,67.0,48.0,19
sample,4wave_varlen,45,188.175,152.270,152.270,1109.0,1107.0,1110.0,406.8,413.0,67.0,48.0,18
sample,4wave_varlen,46,187.817,152.560,152.560,1110.2,1110.0,1111.0,406.8,410.0,67.0,48.0,18
sample,4wave_varlen,47,187.735,152.626,152.626,1111.0,1111.0,1111.0,407.4,414.0,67.0,48.0,19
sample,4wave_varlen,48,187.773,152.596,152.596,1111.0,1111.0,1111.0,409.1,415.0,67.0,48.0,18
sample,4wave_varlen,49,187.840,152.542,152.542,1111.0,1111.0,1111.0,408.6,413.0,67.0,48.0,18
sample,4wave_varlen,50,187.970,152.436,152.436,1110.8,1110.0,1111.0,407.8,413.0,67.0,48.0,19
sample,4wave_varlen,51,187.837,152.544,152.544,1110.4,1110.0,1111.0,407.2,412.0,67.0,48.0,18
sample,4wave_varlen,52,187.783,152.588,152.588,1111.0,1111.0,1111.0,407.2,413.0,67.0,48.0,18
sample,4wave_varlen,53,187.850,152.533,152.533,1111.0,1111.0,1111.0,409.1,414.0,67.0,48.0,19
sample,4wave_varlen,54,187.848,152.535,152.535,1110.7,1110.0,1111.0,408.7,414.0,67.0,48.0,18
sample,4wave_varlen,55,191.273,149.804,149.804,1110.1,1110.0,1111.0,408.7,414.0,67.0,48.0,18
sample,4wave_varlen,56,188.312,152.159,152.159,1100.1,1088.0,1107.0,405.4,414.0,67.0,48.0,19
sample,4wave_varlen,57,187.852,152.532,152.532,1109.1,1107.0,1110.0,408.3,414.0,67.0,48.0,18
sample,4wave_varlen,58,187.813,152.563,152.563,1110.0,1110.0,1110.0,408.0,413.0,67.0,49.0,18
sample,4wave_varlen,59,187.812,152.564,152.564,1110.4,1110.0,1111.0,407.9,414.0,67.0,49.0,19
sample,4wave_varlen,60,187.826,152.553,152.553,1111.0,1111.0,1111.0,407.8,413.0,67.0,49.0,18
sample,4wave_varlen,61,187.833,152.547,152.547,1111.0,1111.0,1111.0,407.7,412.0,67.0,49.0,18
sample,4wave_varlen,62,187.819,152.559,152.559,1110.7,1110.0,1111.0,407.7,413.0,67.0,49.0,19
sample,4wave_varlen,63,187.995,152.415,152.415,1110.4,1110.0,1111.0,407.9,415.0,67.0,49.0,18
sample,4wave_varlen,64,187.888,152.502,152.502,1110.2,1110.0,1111.0,408.4,413.0,68.0,49.0,18
sample,4wave_varlen,65,187.829,152.550,152.550,1110.5,1110.0,1111.0,407.7,412.0,68.0,49.0,19
sample,4wave_varlen,66,187.773,152.596,152.596,1111.0,1111.0,1111.0,407.8,413.0,68.0,49.0,18
sample,4wave_varlen,67,187.782,152.589,152.589,1111.0,1111.0,1111.0,407.6,413.0,68.0,49.0,18
sample,4wave_varlen,68,187.771,152.597,152.597,1111.0,1111.0,1111.0,407.2,412.0,68.0,49.0,18
sample,4wave_varlen,69,187.748,152.616,152.616,1111.0,1111.0,1111.0,407.4,413.0,68.0,49.0,19
throttle,4wave_varlen,{"accumulation_counter": null, "hbm_thermal_accumulated": null, "ppt_accumulated": null, "prochot_accumulated": null, "socket_thermal_accumulated": null, "vr_thermal_accumulated": null}
output,/host_root/luocheng/pyhip/artifacts/h3-frequency-sweep/profile-1100-flydsl.json
