preflight,physical_gpu=4,bdf=0001:0b:00.0,busy=0,vram_mib=283.8,processes=0,dpm=perf_determinism
config,physical_gpu=4,bdf=0001:0b:00.0,warmup=3,iters=70,impls=8wave_32x32,4wave_varlen,h3_flops=28653368031232
environment,gpu=AMD Instinct MI308X,arch=gfx942:sramecc+:xnack-,power_cap_w=650.0,numa_balancing=1
Use cuda device 0 with 99.2% Free mem : 190GB / 192 GB
sample,impl,index,elapsed_ms,native_tflops,h3_tflops,sclk_mean_mhz,sclk_min_mhz,sclk_max_mhz,power_mean_w,power_max_w,junction_max_c,mem_max_c,sensor_count
sample,8wave_32x32,0,111.847,256.240,256.183,1534.0,1427.0,1615.0,388.2,492.0,55.0,41.0,10
sample,8wave_32x32,1,120.241,238.352,238.299,1659.8,1602.0,1689.0,552.2,588.0,57.0,41.0,12
sample,8wave_32x32,2,178.310,160.730,160.695,1323.1,1165.0,1561.0,462.2,536.0,59.0,42.0,17
sample,8wave_32x32,3,178.538,160.524,160.489,1123.1,1087.0,1169.0,395.8,407.0,59.0,42.0,18
sample,8wave_32x32,4,178.259,160.775,160.740,1090.9,1075.0,1111.0,385.2,387.0,59.0,42.0,17
sample,8wave_32x32,5,178.577,160.489,160.454,1083.6,1072.0,1099.0,382.6,384.0,59.0,42.0,18
sample,8wave_32x32,6,132.700,215.974,215.927,1187.2,1091.0,1387.0,420.0,502.0,60.0,42.0,12
sample,8wave_32x32,7,111.936,256.037,255.980,1549.7,1455.0,1623.0,565.6,600.0,62.0,42.0,10
sample,8wave_32x32,8,165.402,173.273,173.235,1436.1,1227.0,1649.0,521.2,603.0,64.0,42.0,16
sample,8wave_32x32,9,178.885,160.213,160.178,1148.6,1096.0,1216.0,409.7,434.0,64.0,42.0,18
sample,8wave_32x32,10,177.884,161.115,161.079,1096.2,1078.0,1117.0,387.8,391.0,64.0,42.0,17
sample,8wave_32x32,11,178.156,160.869,160.833,1086.4,1075.0,1102.0,383.9,386.0,63.0,42.0,18
sample,8wave_32x32,12,154.285,185.758,185.717,1124.1,1092.0,1270.0,395.2,449.0,63.0,42.0,15
sample,8wave_32x32,13,112.004,255.882,255.825,1459.5,1317.0,1568.0,526.2,575.0,64.0,42.0,10
sample,8wave_32x32,14,143.497,199.724,199.679,1535.0,1348.0,1643.0,560.4,603.0,66.0,42.0,13
sample,8wave_32x32,15,178.909,160.192,160.156,1200.4,1115.0,1322.0,430.3,476.0,66.0,43.0,18
sample,8wave_32x32,16,178.739,160.344,160.308,1104.8,1084.0,1133.0,392.1,398.0,66.0,43.0,17
sample,8wave_32x32,17,177.568,161.402,161.366,1091.6,1077.0,1110.0,385.3,387.0,65.0,42.0,18
sample,8wave_32x32,18,172.610,166.037,166.001,1101.4,1093.0,1108.0,387.6,391.0,65.0,42.0,16
sample,8wave_32x32,19,115.276,248.618,248.563,1330.2,1110.0,1507.0,472.6,546.0,65.0,42.0,12
sample,8wave_32x32,20,123.141,232.739,232.688,1583.3,1508.0,1636.0,577.2,603.0,67.0,42.0,12
sample,8wave_32x32,21,178.183,160.844,160.809,1279.6,1148.0,1486.0,460.8,534.0,67.0,43.0,17
sample,8wave_32x32,22,178.270,160.766,160.730,1118.7,1087.0,1160.0,398.0,409.0,67.0,43.0,17
sample,8wave_32x32,23,178.036,160.977,160.941,1091.8,1077.0,1109.0,387.1,389.0,66.0,43.0,18
sample,8wave_32x32,24,172.650,165.999,165.962,1102.5,1093.0,1111.0,388.9,393.0,65.0,43.0,16
sample,8wave_32x32,25,136.018,210.706,210.659,1203.0,1105.0,1396.0,422.6,498.0,65.0,43.0,14
sample,8wave_32x32,26,112.350,255.093,255.036,1540.1,1431.0,1620.0,557.5,594.0,67.0,43.0,11
sample,8wave_32x32,27,168.083,170.510,170.472,1397.3,1205.0,1633.0,506.2,594.0,68.0,43.0,16
sample,8wave_32x32,28,178.034,160.979,160.944,1148.8,1100.0,1204.0,409.3,427.0,67.0,43.0,17
sample,8wave_32x32,29,178.466,160.589,160.554,1096.8,1077.0,1122.0,388.3,392.0,67.0,43.0,18
sample,8wave_32x32,30,172.424,166.216,166.180,1104.9,1093.0,1114.0,389.3,393.0,66.0,43.0,16
sample,8wave_32x32,31,156.005,183.711,183.670,1138.2,1106.0,1257.0,398.4,440.0,65.0,43.0,16
sample,8wave_32x32,32,113.438,252.645,252.590,1449.9,1301.0,1566.0,518.3,570.0,67.0,43.0,11
sample,8wave_32x32,33,147.272,194.604,194.561,1501.0,1305.0,1630.0,544.6,595.0,68.0,43.0,14
sample,8wave_32x32,34,177.773,161.215,161.179,1189.8,1117.0,1291.0,425.4,461.0,68.0,43.0,17
sample,8wave_32x32,35,177.737,161.247,161.212,1104.6,1081.0,1131.0,391.7,397.0,67.0,43.0,18
sample,8wave_32x32,36,173.009,165.655,165.618,1105.5,1096.0,1115.0,388.8,393.0,66.0,43.0,17
sample,8wave_32x32,37,171.352,167.257,167.220,1119.2,1111.0,1125.0,392.6,395.0,66.0,43.0,16
sample,8wave_32x32,38,119.031,240.775,240.721,1317.2,1127.0,1482.0,463.2,532.0,66.0,43.0,12
sample,8wave_32x32,39,125.713,227.978,227.927,1564.4,1486.0,1620.0,566.6,594.0,68.0,43.0,12
sample,8wave_32x32,40,178.757,160.328,160.293,1269.5,1144.0,1455.0,455.6,521.0,68.0,43.0,17
sample,8wave_32x32,41,177.788,161.202,161.166,1118.7,1087.0,1152.0,397.4,406.0,68.0,43.0,18
sample,8wave_32x32,42,172.757,165.896,165.859,1115.4,1108.0,1125.0,391.6,394.0,67.0,43.0,17
sample,8wave_32x32,43,172.208,166.425,166.388,1119.9,1112.0,1128.0,393.2,396.0,66.0,43.0,16
sample,8wave_32x32,44,138.169,207.425,207.379,1203.1,1116.0,1372.0,419.7,485.0,66.0,43.0,14
sample,8wave_32x32,45,113.248,253.071,253.015,1518.5,1409.0,1605.0,545.1,588.0,67.0,43.0,11
sample,8wave_32x32,46,170.871,167.728,167.690,1384.2,1200.0,1619.0,499.1,585.0,68.0,43.0,16
sample,8wave_32x32,47,178.672,160.404,160.368,1138.6,1093.0,1196.0,405.1,422.0,68.0,43.0,18
sample,8wave_32x32,48,171.813,166.808,166.771,1114.1,1104.0,1123.0,392.4,395.0,67.0,43.0,17
sample,8wave_32x32,49,173.033,165.631,165.595,1118.3,1110.0,1129.0,392.3,394.0,66.0,43.0,16
sample,8wave_32x32,50,156.692,182.905,182.864,1144.7,1112.0,1241.0,398.7,432.0,66.0,43.0,16
sample,8wave_32x32,51,115.230,248.717,248.662,1428.5,1286.0,1539.0,506.2,556.0,67.0,43.0,11
sample,8wave_32x32,52,149.100,192.218,192.175,1483.7,1297.0,1613.0,535.6,585.0,68.0,43.0,14
sample,8wave_32x32,53,178.969,160.138,160.103,1177.7,1107.0,1275.0,420.8,455.0,68.0,43.0,18
sample,8wave_32x32,54,171.897,166.726,166.689,1119.1,1111.0,1126.0,394.6,397.0,67.0,43.0,17
sample,8wave_32x32,55,173.102,165.565,165.528,1121.1,1112.0,1135.0,392.7,394.0,66.0,43.0,16
sample,8wave_32x32,56,170.487,168.105,168.068,1124.9,1113.0,1136.0,393.6,398.0,66.0,43.0,17
sample,8wave_32x32,57,122.319,234.304,234.252,1305.0,1137.0,1457.0,455.6,518.0,66.0,43.0,12
sample,8wave_32x32,58,128.656,222.762,222.712,1541.6,1476.0,1602.0,553.8,582.0,68.0,43.0,12
sample,8wave_32x32,59,178.172,160.854,160.819,1260.2,1137.0,1440.0,449.5,514.0,68.0,43.0,18
sample,8wave_32x32,60,173.173,165.498,165.461,1128.9,1116.0,1150.0,398.2,404.0,67.0,43.0,17
sample,8wave_32x32,61,172.108,166.522,166.485,1125.4,1115.0,1140.0,394.1,396.0,67.0,43.0,16
sample,8wave_32x32,62,172.673,165.977,165.940,1120.0,1111.0,1133.0,392.9,395.0,66.0,43.0,17
sample,8wave_32x32,63,139.809,204.992,204.946,1201.6,1122.0,1356.0,418.4,476.0,65.0,43.0,14
sample,8wave_32x32,64,114.569,250.152,250.097,1499.2,1392.0,1585.0,534.2,576.0,67.0,43.0,11
sample,8wave_32x32,65,172.719,165.933,165.896,1358.4,1182.0,1601.0,486.4,574.0,67.0,43.0,17
sample,8wave_32x32,66,173.550,165.138,165.101,1148.2,1121.0,1187.0,406.1,418.0,67.0,43.0,17
sample,8wave_32x32,67,172.045,166.583,166.546,1128.3,1120.0,1141.0,395.6,397.0,67.0,43.0,16
sample,8wave_32x32,68,172.648,166.001,165.964,1123.5,1114.0,1137.0,394.0,396.0,66.0,43.0,17
sample,8wave_32x32,69,157.963,181.433,181.393,1146.4,1116.0,1234.0,399.1,425.0,65.0,43.0,16
throttle,8wave_32x32,{"accumulation_counter": null, "hbm_thermal_accumulated": null, "ppt_accumulated": null, "prochot_accumulated": null, "socket_thermal_accumulated": null, "vr_thermal_accumulated": null}
sample,impl,index,elapsed_ms,native_tflops,h3_tflops,sclk_mean_mhz,sclk_min_mhz,sclk_max_mhz,power_mean_w,power_max_w,junction_max_c,mem_max_c,sensor_count
sample,4wave_varlen,0,121.105,236.599,236.599,1552.2,1446.0,1624.0,406.6,513.0,64.0,43.0,11
sample,4wave_varlen,1,121.094,236.621,236.621,1674.1,1635.0,1691.0,573.0,610.0,66.0,43.0,12
sample,4wave_varlen,2,175.080,163.659,163.659,1445.9,1261.0,1696.0,517.2,609.0,67.0,43.0,17
sample,4wave_varlen,3,181.733,157.667,157.667,1203.3,1165.0,1253.0,428.6,449.0,67.0,43.0,18
sample,4wave_varlen,4,181.335,158.014,158.014,1162.6,1149.0,1179.0,412.1,416.0,66.0,43.0,17
sample,4wave_varlen,5,181.385,157.970,157.970,1153.0,1145.0,1163.0,409.6,413.0,66.0,43.0,18
sample,4wave_varlen,6,139.274,205.734,205.734,1275.1,1148.0,1472.0,459.0,545.0,66.0,43.0,14
sample,4wave_varlen,7,121.717,235.410,235.410,1585.5,1502.0,1638.0,586.5,614.0,68.0,43.0,11
sample,4wave_varlen,8,159.113,180.082,180.082,1525.8,1323.0,1674.0,564.3,623.0,69.0,44.0,16
sample,4wave_varlen,9,180.438,158.799,158.799,1235.8,1180.0,1312.0,444.6,478.0,69.0,44.0,17
sample,4wave_varlen,10,181.781,157.626,157.626,1167.8,1147.0,1182.0,416.5,426.0,68.0,43.0,18
sample,4wave_varlen,11,180.963,158.338,158.338,1158.9,1148.0,1170.0,411.3,415.0,68.0,44.0,18
sample,4wave_varlen,12,152.210,188.248,188.248,1213.8,1154.0,1388.0,431.1,506.0,67.0,43.0,15
sample,4wave_varlen,13,122.078,234.713,234.713,1538.8,1423.0,1616.0,564.8,604.0,69.0,43.0,12
sample,4wave_varlen,14,146.396,195.725,195.725,1579.4,1404.0,1671.0,586.9,623.0,70.0,44.0,14
sample,4wave_varlen,15,181.613,157.772,157.772,1270.9,1193.0,1384.0,458.4,507.0,70.0,44.0,17
sample,4wave_varlen,16,180.261,158.955,158.955,1175.9,1160.0,1197.0,419.1,427.0,69.0,44.0,18
sample,4wave_varlen,17,180.647,158.615,158.615,1160.3,1149.0,1170.0,412.8,415.0,69.0,44.0,18
sample,4wave_varlen,18,165.230,173.415,173.415,1182.1,1158.0,1281.0,418.4,459.0,68.0,44.0,16
sample,4wave_varlen,19,122.328,234.233,234.233,1476.4,1325.0,1582.0,536.8,588.0,69.0,44.0,12
sample,4wave_varlen,20,134.243,213.444,213.444,1616.4,1523.0,1660.0,602.0,623.0,70.0,44.0,13
sample,4wave_varlen,21,180.634,158.627,158.627,1324.6,1214.0,1494.0,480.0,549.0,70.0,44.0,17
sample,4wave_varlen,22,179.985,159.198,159.198,1186.5,1160.0,1211.0,423.8,436.0,70.0,44.0,18
sample,4wave_varlen,23,180.898,158.395,158.395,1159.8,1149.0,1169.0,412.5,416.0,69.0,44.0,17
sample,4wave_varlen,24,174.841,163.882,163.882,1168.9,1148.0,1182.0,412.7,419.0,68.0,44.0,17
sample,4wave_varlen,25,125.470,228.368,228.368,1382.3,1192.0,1538.0,494.5,568.0,69.0,44.0,13
sample,4wave_varlen,26,124.451,230.239,230.239,1616.2,1558.0,1651.0,598.8,620.0,70.0,44.0,12
sample,4wave_varlen,27,177.692,161.253,161.253,1400.7,1246.0,1613.0,507.7,596.0,71.0,44.0,17
sample,4wave_varlen,28,179.720,159.434,159.434,1203.5,1166.0,1242.0,428.2,443.0,70.0,44.0,18
sample,4wave_varlen,29,181.108,158.212,158.212,1162.3,1150.0,1175.0,413.5,419.0,69.0,44.0,17
sample,4wave_varlen,30,176.204,162.615,162.615,1168.9,1149.0,1177.0,414.1,420.0,69.0,44.0,17
sample,4wave_varlen,31,137.010,209.134,209.134,1299.1,1178.0,1476.0,459.7,540.0,68.0,44.0,14
sample,4wave_varlen,32,122.336,234.219,234.219,1583.7,1502.0,1637.0,584.2,615.0,70.0,44.0,12
sample,4wave_varlen,33,167.082,171.493,171.493,1464.2,1284.0,1653.0,536.1,615.0,71.0,44.0,16
sample,4wave_varlen,34,179.472,159.654,159.654,1226.9,1181.0,1275.0,439.6,462.0,70.0,44.0,17
sample,4wave_varlen,35,180.873,158.417,158.417,1170.1,1152.0,1189.0,416.2,422.0,70.0,44.0,18
sample,4wave_varlen,36,176.715,162.145,162.145,1169.3,1153.0,1178.0,414.7,421.0,69.0,44.0,17
sample,4wave_varlen,37,149.885,191.170,191.170,1238.6,1175.0,1398.0,437.2,505.0,68.0,44.0,15
sample,4wave_varlen,38,122.189,234.501,234.501,1541.3,1431.0,1617.0,563.2,604.0,70.0,44.0,12
sample,4wave_varlen,39,154.104,185.935,185.935,1534.7,1350.0,1653.0,563.3,612.0,71.0,44.0,15
sample,4wave_varlen,40,179.400,159.718,159.718,1249.5,1191.0,1337.0,447.5,483.0,71.0,44.0,17
sample,4wave_varlen,41,180.717,158.553,158.553,1172.9,1153.0,1192.0,417.7,426.0,70.0,44.0,18
sample,4wave_varlen,42,177.453,161.471,161.471,1169.2,1157.0,1185.0,415.1,424.0,69.0,44.0,17
sample,4wave_varlen,43,161.724,177.175,177.175,1212.8,1187.0,1304.0,425.2,463.0,68.0,44.0,16
sample,4wave_varlen,44,122.934,233.080,233.080,1484.8,1345.0,1584.0,537.8,590.0,69.0,44.0,12
sample,4wave_varlen,45,140.683,203.673,203.673,1599.0,1477.0,1649.0,592.2,613.0,71.0,44.0,13
sample,4wave_varlen,46,179.319,159.790,159.790,1292.9,1208.0,1423.0,466.8,520.0,71.0,44.0,17
sample,4wave_varlen,47,180.868,158.422,158.422,1180.2,1156.0,1209.0,422.2,435.0,70.0,44.0,18
sample,4wave_varlen,48,179.130,159.959,159.959,1166.5,1157.0,1173.0,415.0,418.0,69.0,44.0,17
sample,4wave_varlen,49,169.952,168.597,168.597,1188.5,1159.0,1222.0,420.5,434.0,69.0,44.0,17
sample,4wave_varlen,50,125.830,227.715,227.715,1409.0,1254.0,1540.0,504.4,568.0,69.0,44.0,12
sample,4wave_varlen,51,127.811,224.186,224.186,1610.7,1557.0,1643.0,595.5,614.0,71.0,44.0,12
sample,4wave_varlen,52,179.355,159.758,159.758,1365.9,1227.0,1575.0,495.3,581.0,71.0,44.0,18
sample,4wave_varlen,53,181.132,158.191,158.191,1192.1,1154.0,1226.0,426.6,442.0,70.0,44.0,17
sample,4wave_varlen,54,178.804,160.250,160.250,1175.2,1161.0,1183.0,417.2,419.0,70.0,44.0,18
sample,4wave_varlen,55,173.530,165.120,165.120,1183.2,1166.0,1194.0,419.1,427.0,69.0,44.0,17
sample,4wave_varlen,56,135.513,211.443,211.443,1324.0,1203.0,1478.0,468.1,539.0,69.0,44.0,13
sample,4wave_varlen,57,122.539,233.831,233.831,1583.7,1504.0,1639.0,582.5,613.0,70.0,44.0,12
sample,4wave_varlen,58,172.225,166.371,166.371,1432.9,1258.0,1643.0,523.4,610.0,71.0,44.0,17
sample,4wave_varlen,59,180.216,158.995,158.995,1202.9,1170.0,1256.0,432.2,454.0,71.0,44.0,17
sample,4wave_varlen,60,178.863,160.197,160.197,1175.8,1160.0,1184.0,419.0,423.0,70.0,44.0,18
sample,4wave_varlen,61,174.167,164.516,164.516,1179.9,1166.0,1193.0,418.4,427.0,69.0,44.0,17
sample,4wave_varlen,62,148.139,193.422,193.422,1261.7,1197.0,1402.0,443.1,501.0,69.0,44.0,14
sample,4wave_varlen,63,122.419,234.060,234.060,1542.8,1436.0,1616.0,561.0,601.0,70.0,44.0,12
sample,4wave_varlen,64,159.446,179.705,179.705,1512.9,1328.0,1644.0,554.5,607.0,71.0,45.0,15
sample,4wave_varlen,65,180.413,158.821,158.821,1235.2,1172.0,1310.0,443.6,477.0,71.0,45.0,18
sample,4wave_varlen,66,178.463,160.556,160.556,1183.1,1165.0,1194.0,421.3,425.0,70.0,44.0,17
sample,4wave_varlen,67,174.885,163.841,163.841,1176.1,1163.0,1190.0,418.1,427.0,70.0,44.0,17
sample,4wave_varlen,68,159.596,179.537,179.537,1222.2,1193.0,1316.0,430.5,468.0,69.0,45.0,16
sample,4wave_varlen,69,123.223,232.533,232.533,1485.7,1346.0,1585.0,536.6,588.0,70.0,45.0,12
throttle,4wave_varlen,{"accumulation_counter": null, "hbm_thermal_accumulated": null, "ppt_accumulated": null, "prochot_accumulated": null, "socket_thermal_accumulated": null, "vr_thermal_accumulated": null}
output,/host_root/luocheng/pyhip/artifacts/h3-frequency-sweep/profile-1800-flydsl.json
