preflight,physical_gpu=4,bdf=0001:0b:00.0,busy=0,vram_mib=283.8,processes=0,dpm=perf_determinism
config,physical_gpu=4,bdf=0001:0b:00.0,warmup=3,iters=70,impls=8wave_32x32,4wave_varlen,h3_flops=28653368031232
environment,gpu=AMD Instinct MI308X,arch=gfx942:sramecc+:xnack-,power_cap_w=650.0,numa_balancing=1
Use cuda device 0 with 99.2% Free mem : 190GB / 192 GB
sample,impl,index,elapsed_ms,native_tflops,h3_tflops,sclk_mean_mhz,sclk_min_mhz,sclk_max_mhz,power_mean_w,power_max_w,junction_max_c,mem_max_c,sensor_count
sample,8wave_32x32,0,115.898,247.285,247.230,1517.0,1418.0,1590.0,382.9,483.0,55.0,41.0,11
sample,8wave_32x32,1,116.547,245.907,245.852,1632.7,1601.0,1654.0,532.5,567.0,57.0,41.0,11
sample,8wave_32x32,2,176.642,162.248,162.212,1365.9,1183.0,1633.0,471.8,552.0,58.0,42.0,17
sample,8wave_32x32,3,178.725,160.356,160.321,1131.0,1090.0,1184.0,397.4,410.0,59.0,42.0,18
sample,8wave_32x32,4,178.469,160.586,160.551,1091.8,1076.0,1112.0,385.6,388.0,59.0,42.0,17
sample,8wave_32x32,5,178.434,160.618,160.582,1086.1,1074.0,1102.0,382.8,384.0,59.0,42.0,17
sample,8wave_32x32,6,136.284,210.293,210.247,1190.8,1094.0,1390.0,418.7,496.0,60.0,42.0,13
sample,8wave_32x32,7,115.633,247.850,247.795,1513.5,1419.0,1587.0,539.1,572.0,62.0,42.0,11
sample,8wave_32x32,8,157.904,181.501,181.461,1456.7,1256.0,1615.0,519.3,576.0,64.0,42.0,15
sample,8wave_32x32,9,178.903,160.197,160.162,1162.1,1101.0,1242.0,412.2,438.0,64.0,42.0,18
sample,8wave_32x32,10,178.786,160.302,160.266,1098.5,1079.0,1123.0,387.8,392.0,63.0,42.0,17
sample,8wave_32x32,11,178.144,160.879,160.844,1088.6,1076.0,1106.0,383.4,385.0,63.0,42.0,18
sample,8wave_32x32,12,156.302,183.361,183.320,1122.1,1095.0,1246.0,393.7,439.0,63.0,42.0,15
sample,8wave_32x32,13,115.710,247.685,247.630,1431.8,1289.0,1534.0,508.0,550.0,64.0,42.0,11
sample,8wave_32x32,14,137.611,208.266,208.219,1543.9,1397.0,1612.0,551.8,579.0,66.0,42.0,13
sample,8wave_32x32,15,178.966,160.140,160.105,1221.3,1123.0,1366.0,434.2,485.0,66.0,43.0,18
sample,8wave_32x32,16,178.556,160.508,160.472,1107.5,1082.0,1140.0,391.7,399.0,66.0,42.0,17
sample,8wave_32x32,17,178.552,160.512,160.477,1089.6,1075.0,1109.0,384.6,387.0,65.0,42.0,18
sample,8wave_32x32,18,171.940,166.684,166.647,1104.6,1092.0,1114.0,387.6,391.0,64.0,42.0,16
sample,8wave_32x32,19,119.575,239.680,239.627,1304.8,1112.0,1469.0,457.7,524.0,65.0,42.0,12
sample,8wave_32x32,20,118.819,241.205,241.152,1560.8,1489.0,1606.0,555.7,577.0,67.0,43.0,12
sample,8wave_32x32,21,178.188,160.840,160.804,1313.6,1162.0,1550.0,467.1,546.0,67.0,43.0,17
sample,8wave_32x32,22,178.575,160.491,160.456,1127.4,1094.0,1171.0,398.9,411.0,67.0,43.0,17
sample,8wave_32x32,23,178.335,160.707,160.671,1095.9,1078.0,1120.0,386.1,389.0,66.0,43.0,18
sample,8wave_32x32,24,172.425,166.215,166.178,1106.4,1093.0,1117.0,387.6,392.0,65.0,43.0,17
sample,8wave_32x32,25,138.738,206.574,206.529,1199.3,1119.0,1363.0,417.2,478.0,65.0,43.0,13
sample,8wave_32x32,26,115.907,247.265,247.211,1497.8,1394.0,1574.0,529.2,565.0,66.0,43.0,11
sample,8wave_32x32,27,161.809,177.120,177.081,1429.6,1230.0,1606.0,509.2,571.0,67.0,43.0,16
sample,8wave_32x32,28,178.875,160.222,160.187,1151.3,1098.0,1224.0,408.8,431.0,67.0,43.0,18
sample,8wave_32x32,29,177.419,161.537,161.502,1100.4,1081.0,1122.0,388.6,392.0,67.0,43.0,17
sample,8wave_32x32,30,173.104,165.564,165.527,1105.6,1093.0,1114.0,388.3,392.0,66.0,43.0,17
sample,8wave_32x32,31,157.348,182.142,182.102,1138.9,1115.0,1234.0,397.4,430.0,65.0,43.0,15
sample,8wave_32x32,32,116.866,245.237,245.182,1413.5,1267.0,1522.0,495.9,543.0,66.0,43.0,11
sample,8wave_32x32,33,141.730,202.213,202.169,1515.6,1348.0,1602.0,539.9,574.0,67.0,43.0,14
sample,8wave_32x32,34,179.085,160.034,159.998,1201.6,1115.0,1326.0,426.4,468.0,67.0,43.0,18
sample,8wave_32x32,35,177.711,161.272,161.236,1108.5,1084.0,1136.0,392.0,397.0,67.0,43.0,17
sample,8wave_32x32,36,172.311,166.326,166.289,1109.3,1098.0,1116.0,389.8,393.0,66.0,43.0,17
sample,8wave_32x32,37,171.898,166.725,166.688,1126.6,1118.0,1133.0,393.4,397.0,66.0,43.0,16
sample,8wave_32x32,38,121.941,235.030,234.978,1298.1,1124.0,1450.0,452.2,512.0,66.0,43.0,12
sample,8wave_32x32,39,122.634,233.702,233.650,1545.8,1471.0,1594.0,547.2,571.0,67.0,43.0,12
sample,8wave_32x32,40,178.329,160.713,160.677,1291.5,1148.0,1507.0,458.4,532.0,68.0,43.0,18
sample,8wave_32x32,41,178.502,160.557,160.522,1118.6,1086.0,1161.0,396.9,407.0,67.0,43.0,17
sample,8wave_32x32,42,172.482,166.160,166.124,1110.8,1093.0,1120.0,390.6,395.0,66.0,43.0,17
sample,8wave_32x32,43,172.065,166.563,166.527,1118.5,1103.0,1127.0,391.7,396.0,66.0,43.0,17
sample,8wave_32x32,44,140.552,203.908,203.863,1196.2,1121.0,1342.0,415.7,468.0,65.0,43.0,13
sample,8wave_32x32,45,116.748,245.484,245.430,1488.1,1374.0,1571.0,524.6,560.0,67.0,43.0,12
sample,8wave_32x32,46,165.121,173.568,173.529,1393.4,1208.0,1593.0,495.1,564.0,67.0,43.0,16
sample,8wave_32x32,47,178.132,160.890,160.855,1146.0,1097.0,1210.0,406.1,425.0,67.0,43.0,17
sample,8wave_32x32,48,173.137,165.532,165.496,1112.6,1100.0,1122.0,391.4,394.0,67.0,43.0,17
sample,8wave_32x32,49,171.747,166.871,166.835,1117.9,1105.0,1129.0,391.2,394.0,66.0,43.0,17
sample,8wave_32x32,50,158.446,180.880,180.840,1143.5,1119.0,1227.0,398.5,427.0,65.0,43.0,15
sample,8wave_32x32,51,118.520,241.813,241.760,1407.0,1256.0,1516.0,492.4,537.0,66.0,43.0,12
sample,8wave_32x32,52,145.580,196.866,196.822,1480.1,1306.0,1582.0,525.6,562.0,67.0,43.0,14
sample,8wave_32x32,53,178.083,160.935,160.899,1190.5,1115.0,1296.0,422.5,456.0,67.0,43.0,17
sample,8wave_32x32,54,172.637,166.011,165.974,1120.4,1113.0,1132.0,394.5,396.0,67.0,43.0,17
sample,8wave_32x32,55,173.202,165.470,165.433,1122.9,1103.0,1135.0,394.1,399.0,66.0,43.0,17
sample,8wave_32x32,56,170.666,167.929,167.892,1132.0,1121.0,1145.0,395.2,397.0,66.0,43.0,16
sample,8wave_32x32,57,124.301,230.566,230.515,1296.6,1123.0,1445.0,450.4,505.0,66.0,43.0,13
sample,8wave_32x32,58,126.124,227.235,227.185,1527.3,1468.0,1573.0,539.6,562.0,67.0,43.0,12
sample,8wave_32x32,59,178.781,160.306,160.270,1267.6,1144.0,1453.0,450.0,510.0,67.0,43.0,17
sample,8wave_32x32,60,172.271,166.364,166.327,1134.8,1120.0,1154.0,399.9,404.0,67.0,43.0,17
sample,8wave_32x32,61,174.742,164.012,163.975,1116.1,1092.0,1139.0,392.6,395.0,66.0,43.0,17
sample,8wave_32x32,62,169.634,168.950,168.913,1130.1,1114.0,1140.0,395.2,398.0,66.0,43.0,17
sample,8wave_32x32,63,142.211,201.530,201.485,1194.5,1131.0,1327.0,414.5,462.0,65.0,43.0,13
sample,8wave_32x32,64,118.046,242.785,242.731,1467.2,1351.0,1549.0,514.9,553.0,67.0,43.0,12
sample,8wave_32x32,65,167.857,170.738,170.701,1376.7,1199.0,1574.0,488.2,556.0,67.0,43.0,16
sample,8wave_32x32,66,173.057,165.609,165.572,1157.5,1129.0,1198.0,408.1,420.0,67.0,43.0,17
sample,8wave_32x32,67,174.405,164.329,164.293,1124.8,1102.0,1143.0,394.5,397.0,67.0,43.0,17
sample,8wave_32x32,68,170.075,168.512,168.475,1122.8,1102.0,1134.0,393.2,398.0,66.0,43.0,17
sample,8wave_32x32,69,158.912,180.349,180.309,1147.6,1125.0,1219.0,399.6,424.0,65.0,43.0,15
throttle,8wave_32x32,{"accumulation_counter": null, "hbm_thermal_accumulated": null, "ppt_accumulated": null, "prochot_accumulated": null, "socket_thermal_accumulated": null, "vr_thermal_accumulated": null}
sample,impl,index,elapsed_ms,native_tflops,h3_tflops,sclk_mean_mhz,sclk_min_mhz,sclk_max_mhz,power_mean_w,power_max_w,junction_max_c,mem_max_c,sensor_count
sample,4wave_varlen,0,124.149,230.798,230.798,1535.5,1435.0,1608.0,400.0,509.0,64.0,43.0,12
sample,4wave_varlen,1,123.770,231.505,231.505,1645.1,1616.0,1666.0,557.0,593.0,66.0,43.0,12
sample,4wave_varlen,2,170.285,168.267,168.267,1461.9,1279.0,1671.0,518.9,592.0,67.0,43.0,16
sample,4wave_varlen,3,181.491,157.878,157.878,1207.3,1165.0,1265.0,430.4,452.0,67.0,43.0,18
sample,4wave_varlen,4,181.538,157.837,157.837,1158.2,1147.0,1172.0,413.0,418.0,66.0,44.0,18
sample,4wave_varlen,5,181.806,157.604,157.604,1155.3,1139.0,1165.0,409.8,413.0,66.0,43.0,17
sample,4wave_varlen,6,137.540,208.327,208.327,1283.9,1148.0,1472.0,457.4,538.0,66.0,43.0,14
sample,4wave_varlen,7,123.758,231.528,231.528,1572.3,1495.0,1628.0,574.2,606.0,68.0,43.0,12
sample,4wave_varlen,8,158.634,180.626,180.626,1520.1,1333.0,1649.0,556.7,606.0,69.0,44.0,15
sample,4wave_varlen,9,181.184,158.145,158.145,1232.0,1174.0,1314.0,443.2,477.0,69.0,44.0,18
sample,4wave_varlen,10,181.613,157.772,157.772,1161.8,1148.0,1180.0,415.4,424.0,68.0,44.0,18
sample,4wave_varlen,11,180.824,158.460,158.460,1154.1,1147.0,1159.0,410.8,415.0,68.0,44.0,17
sample,4wave_varlen,12,150.072,190.931,190.931,1221.2,1148.0,1396.0,433.9,507.0,67.0,44.0,15
sample,4wave_varlen,13,123.821,231.410,231.410,1530.2,1427.0,1605.0,557.1,595.0,69.0,44.0,12
sample,4wave_varlen,14,145.847,196.461,196.461,1578.1,1417.0,1649.0,579.2,607.0,70.0,44.0,14
sample,4wave_varlen,15,180.900,158.394,158.394,1270.4,1188.0,1394.0,458.2,508.0,70.0,44.0,18
sample,4wave_varlen,16,181.235,158.100,158.100,1170.6,1152.0,1191.0,418.8,428.0,69.0,44.0,17
sample,4wave_varlen,17,180.981,158.323,158.323,1155.5,1147.0,1162.0,412.3,416.0,69.0,44.0,18
sample,4wave_varlen,18,162.923,175.870,175.870,1184.2,1153.0,1297.0,419.2,465.0,68.0,44.0,16
sample,4wave_varlen,19,123.955,231.160,231.160,1473.7,1334.0,1574.0,532.2,580.0,69.0,44.0,12
sample,4wave_varlen,20,132.861,215.665,215.665,1612.8,1543.0,1646.0,592.5,609.0,70.0,44.0,13
sample,4wave_varlen,21,180.822,158.462,158.462,1332.8,1216.0,1513.0,481.1,551.0,70.0,44.0,17
sample,4wave_varlen,22,181.344,158.006,158.006,1180.8,1156.0,1210.0,423.4,438.0,70.0,44.0,18
sample,4wave_varlen,23,180.972,158.330,158.330,1156.8,1147.0,1165.0,412.7,416.0,69.0,44.0,18
sample,4wave_varlen,24,174.204,164.482,164.482,1167.5,1153.0,1198.0,413.7,426.0,68.0,44.0,17
sample,4wave_varlen,25,125.950,227.498,227.498,1399.0,1233.0,1530.0,500.7,561.0,69.0,44.0,12
sample,4wave_varlen,26,123.960,231.149,231.149,1603.7,1545.0,1645.0,588.2,613.0,70.0,44.0,12
sample,4wave_varlen,27,176.501,162.341,162.341,1415.0,1250.0,1644.0,514.5,607.0,71.0,44.0,17
sample,4wave_varlen,28,181.403,157.954,157.954,1195.3,1161.0,1241.0,429.2,450.0,70.0,44.0,18
sample,4wave_varlen,29,180.983,158.321,158.321,1159.6,1149.0,1169.0,413.9,418.0,70.0,44.0,17
sample,4wave_varlen,30,176.914,161.962,161.962,1165.3,1148.0,1174.0,414.8,421.0,69.0,44.0,18
sample,4wave_varlen,31,136.535,209.861,209.861,1316.0,1179.0,1480.0,471.0,544.0,69.0,44.0,13
sample,4wave_varlen,32,124.160,230.777,230.777,1576.5,1501.0,1631.0,577.1,608.0,70.0,44.0,12
sample,4wave_varlen,33,163.674,175.064,175.064,1490.9,1301.0,1650.0,545.9,607.0,71.0,44.0,16
sample,4wave_varlen,34,180.768,158.509,158.509,1220.3,1170.0,1291.0,438.6,468.0,71.0,44.0,18
sample,4wave_varlen,35,181.112,158.208,158.208,1163.0,1150.0,1177.0,416.4,422.0,70.0,44.0,17
sample,4wave_varlen,36,177.260,161.646,161.646,1165.7,1150.0,1173.0,416.8,424.0,69.0,44.0,17
sample,4wave_varlen,37,148.768,192.604,192.604,1239.1,1170.0,1403.0,442.1,511.0,69.0,44.0,15
sample,4wave_varlen,38,124.424,230.288,230.288,1527.8,1430.0,1602.0,556.8,595.0,70.0,44.0,12
sample,4wave_varlen,39,151.508,189.121,189.121,1548.3,1368.0,1642.0,567.8,603.0,71.0,44.0,15
sample,4wave_varlen,40,179.713,159.440,159.440,1259.4,1188.0,1356.0,453.4,491.0,71.0,45.0,17
sample,4wave_varlen,41,181.357,157.995,157.995,1168.9,1151.0,1190.0,419.4,429.0,71.0,45.0,18
sample,4wave_varlen,42,177.412,161.507,161.507,1165.9,1155.0,1172.0,414.0,417.0,70.0,44.0,17
sample,4wave_varlen,43,161.127,177.831,177.831,1198.1,1169.0,1313.0,422.3,470.0,69.0,45.0,16
sample,4wave_varlen,44,124.910,229.393,229.393,1474.2,1345.0,1569.0,531.9,580.0,70.0,44.0,12
sample,4wave_varlen,45,138.748,206.513,206.513,1588.8,1467.0,1639.0,583.9,605.0,71.0,44.0,14
sample,4wave_varlen,46,179.339,159.772,159.772,1305.9,1207.0,1447.0,470.9,526.0,71.0,45.0,17
sample,4wave_varlen,47,180.989,158.316,158.316,1179.0,1155.0,1206.0,422.4,435.0,71.0,45.0,18
sample,4wave_varlen,48,177.774,161.178,161.178,1166.9,1161.0,1171.0,415.0,419.0,70.0,45.0,17
sample,4wave_varlen,49,172.165,166.429,166.429,1179.1,1169.0,1217.0,417.3,436.0,69.0,45.0,17
sample,4wave_varlen,50,126.763,226.038,226.038,1406.2,1256.0,1523.0,504.8,559.0,70.0,45.0,12
sample,4wave_varlen,51,126.723,226.110,226.110,1598.8,1539.0,1635.0,587.0,609.0,71.0,45.0,12
sample,4wave_varlen,52,178.506,160.517,160.517,1384.3,1234.0,1610.0,502.7,597.0,71.0,45.0,18
sample,4wave_varlen,53,180.961,158.340,158.340,1192.8,1162.0,1229.0,429.1,445.0,71.0,45.0,17
sample,4wave_varlen,54,177.817,161.140,161.140,1169.7,1160.0,1173.0,417.7,422.0,70.0,45.0,18
sample,4wave_varlen,55,176.966,161.915,161.915,1176.7,1172.0,1181.0,416.9,422.0,70.0,45.0,17
sample,4wave_varlen,56,134.636,212.821,212.821,1316.9,1176.0,1467.0,467.7,532.0,69.0,45.0,13
sample,4wave_varlen,57,124.246,230.619,230.619,1564.9,1487.0,1622.0,571.0,603.0,71.0,45.0,12
sample,4wave_varlen,58,168.692,169.856,169.856,1454.8,1275.0,1635.0,530.2,603.0,71.0,45.0,17
sample,4wave_varlen,59,180.652,158.611,158.611,1212.7,1170.0,1270.0,435.9,460.0,71.0,45.0,17
sample,4wave_varlen,60,177.645,161.296,161.296,1173.9,1167.0,1178.0,419.5,422.0,71.0,45.0,18
sample,4wave_varlen,61,177.265,161.641,161.641,1176.3,1174.0,1180.0,417.5,423.0,70.0,45.0,17
sample,4wave_varlen,62,147.954,193.664,193.664,1247.5,1176.0,1405.0,443.2,513.0,69.0,45.0,14
sample,4wave_varlen,63,124.024,231.031,231.031,1535.2,1433.0,1609.0,559.2,596.0,71.0,45.0,12
sample,4wave_varlen,64,155.739,183.984,183.984,1526.9,1339.0,1642.0,559.6,604.0,72.0,45.0,16
sample,4wave_varlen,65,180.581,158.673,158.673,1242.6,1181.0,1331.0,447.0,481.0,72.0,45.0,17
sample,4wave_varlen,66,177.823,161.134,161.134,1180.3,1173.0,1185.0,420.8,426.0,71.0,45.0,17
sample,4wave_varlen,67,177.089,161.802,161.802,1177.1,1170.0,1181.0,417.3,422.0,70.0,45.0,18
sample,4wave_varlen,68,160.537,178.484,178.484,1203.0,1177.0,1296.0,424.7,461.0,70.0,45.0,15
sample,4wave_varlen,69,124.413,230.308,230.308,1470.0,1333.0,1571.0,529.0,579.0,70.0,45.0,12
throttle,4wave_varlen,{"accumulation_counter": null, "hbm_thermal_accumulated": null, "ppt_accumulated": null, "prochot_accumulated": null, "socket_thermal_accumulated": null, "vr_thermal_accumulated": null}
output,/host_root/luocheng/pyhip/artifacts/h3-frequency-sweep/profile-1700-flydsl.json
