preflight,physical_gpu=4,bdf=0001:0b:00.0,busy=0,vram_mib=284.2,processes=0,dpm=auto
config,physical_gpu=4,bdf=0001:0b:00.0,warmup=3,iters=70,impls=8wave_varlen_fp8,4wave_varlen_fp8,h3_flops=28653368031232
environment,gpu=AMD Instinct MI308X,arch=gfx942:sramecc+:xnack-,power_cap_w=650.0,numa_balancing=1
sample,impl,index,elapsed_ms,native_tflops,h3_tflops,sclk_mean_mhz,sclk_min_mhz,sclk_max_mhz,power_mean_w,power_max_w,junction_max_c,mem_max_c,sensor_count
sample,8wave_varlen_fp8,0,83.950,341.316,341.316,1587.0,1506.0,1653.0,358.0,434.0,57.0,44.0,8
sample,8wave_varlen_fp8,1,83.362,343.722,343.722,1702.5,1668.0,1731.0,487.1,522.0,59.0,44.0,8
sample,8wave_varlen_fp8,2,83.476,343.253,343.253,1752.4,1738.0,1764.0,544.2,561.0,60.0,44.0,8
sample,8wave_varlen_fp8,3,83.372,343.680,343.680,1773.2,1768.0,1778.0,570.4,580.0,62.0,44.0,8
sample,8wave_varlen_fp8,4,83.420,343.484,343.484,1781.4,1780.0,1783.0,583.6,590.0,64.0,45.0,8
sample,8wave_varlen_fp8,5,83.396,343.581,343.581,1784.0,1784.0,1784.0,589.9,594.0,65.0,45.0,8
sample,8wave_varlen_fp8,6,83.420,343.485,343.485,1784.8,1784.0,1785.0,593.0,596.0,67.0,45.0,8
sample,8wave_varlen_fp8,7,91.714,312.421,312.421,1757.4,1690.0,1786.0,579.9,594.0,68.0,45.0,9
sample,8wave_varlen_fp8,8,99.792,287.131,287.131,1611.2,1559.0,1668.0,509.6,535.0,69.0,45.0,10
sample,8wave_varlen_fp8,9,99.817,287.060,287.060,1534.3,1513.0,1553.0,471.6,480.0,69.0,46.0,10
sample,8wave_varlen_fp8,10,99.892,286.842,286.842,1508.9,1498.0,1518.0,457.2,460.0,70.0,46.0,10
sample,8wave_varlen_fp8,11,88.466,323.892,323.892,1543.1,1503.0,1606.0,473.8,506.0,70.0,45.0,8
sample,8wave_varlen_fp8,12,83.789,341.969,341.969,1669.6,1625.0,1706.0,532.9,554.0,71.0,45.0,8
sample,8wave_varlen_fp8,13,83.699,342.338,342.338,1736.2,1714.0,1753.0,568.0,579.0,72.0,45.0,9
sample,8wave_varlen_fp8,14,83.712,342.284,342.284,1764.6,1757.0,1771.0,582.9,588.0,73.0,45.0,8
sample,8wave_varlen_fp8,15,83.694,342.357,342.357,1776.2,1773.0,1779.0,589.4,593.0,74.0,46.0,8
sample,8wave_varlen_fp8,16,83.654,342.520,342.520,1780.9,1780.0,1781.0,593.1,597.0,75.0,46.0,8
sample,8wave_varlen_fp8,17,83.666,342.473,342.473,1782.5,1782.0,1783.0,595.5,598.0,76.0,46.0,8
sample,8wave_varlen_fp8,18,85.620,334.658,334.658,1779.1,1753.0,1784.0,593.7,597.0,77.0,46.0,9
sample,8wave_varlen_fp8,19,99.507,287.953,287.953,1662.9,1598.0,1738.0,536.9,572.0,77.0,46.0,9
sample,8wave_varlen_fp8,20,99.853,286.954,286.954,1558.1,1528.0,1587.0,484.0,497.0,77.0,46.0,10
sample,8wave_varlen_fp8,21,99.826,287.034,287.034,1519.2,1505.0,1531.0,462.4,467.0,77.0,46.0,10
sample,8wave_varlen_fp8,22,95.612,299.684,299.684,1514.7,1484.0,1553.0,463.3,487.0,77.0,46.0,9
sample,8wave_varlen_fp8,23,84.273,340.008,340.008,1636.2,1577.0,1684.0,519.4,544.0,77.0,46.0,8
sample,8wave_varlen_fp8,24,83.896,341.536,341.536,1720.4,1696.0,1740.0,559.4,572.0,78.0,46.0,8
sample,8wave_varlen_fp8,25,83.861,341.678,341.678,1758.4,1747.0,1768.0,579.1,587.0,78.0,46.0,9
sample,8wave_varlen_fp8,26,83.847,341.733,341.733,1774.5,1771.0,1778.0,588.2,592.0,79.0,46.0,8
sample,8wave_varlen_fp8,27,83.858,341.687,341.687,1780.5,1779.0,1781.0,592.5,596.0,80.0,46.0,8
sample,8wave_varlen_fp8,28,83.898,341.525,341.525,1783.9,1783.0,1784.0,593.9,596.0,80.0,46.0,8
sample,8wave_varlen_fp8,29,83.876,341.616,341.616,1785.0,1785.0,1785.0,594.5,597.0,81.0,46.0,8
sample,8wave_varlen_fp8,30,94.790,302.281,302.281,1737.8,1662.0,1786.0,571.8,594.0,81.0,46.0,9
sample,8wave_varlen_fp8,31,99.606,287.667,287.667,1598.4,1555.0,1643.0,502.3,524.0,81.0,46.0,10
sample,8wave_varlen_fp8,32,99.714,287.356,287.356,1535.2,1516.0,1550.0,469.3,476.0,81.0,46.0,10
sample,8wave_varlen_fp8,33,98.282,291.541,291.541,1513.1,1506.0,1519.0,458.1,460.0,80.0,46.0,9
sample,8wave_varlen_fp8,34,84.779,337.978,337.978,1605.8,1547.0,1661.0,502.5,531.0,80.0,46.0,8
sample,8wave_varlen_fp8,35,84.065,340.848,340.848,1705.2,1674.0,1731.0,549.0,565.0,80.0,46.0,8
sample,8wave_varlen_fp8,36,83.813,341.871,341.871,1750.8,1737.0,1762.0,574.0,582.0,80.0,46.0,8
sample,8wave_varlen_fp8,37,83.805,341.905,341.905,1771.4,1766.0,1776.0,585.0,590.0,81.0,46.0,8
sample,8wave_varlen_fp8,38,83.841,341.758,341.758,1779.2,1778.0,1781.0,590.2,594.0,81.0,46.0,8
sample,8wave_varlen_fp8,39,83.804,341.910,341.910,1783.4,1782.0,1785.0,594.0,597.0,82.0,46.0,9
sample,8wave_varlen_fp8,40,83.793,341.956,341.956,1786.2,1786.0,1787.0,596.8,600.0,83.0,47.0,8
sample,8wave_varlen_fp8,41,89.962,318.506,318.506,1763.6,1700.0,1788.0,586.0,598.0,83.0,46.0,9
sample,8wave_varlen_fp8,42,99.545,287.844,287.844,1629.2,1579.0,1687.0,517.9,545.0,83.0,46.0,9
sample,8wave_varlen_fp8,43,99.650,287.541,287.541,1548.5,1525.0,1569.0,477.0,486.0,82.0,47.0,10
sample,8wave_varlen_fp8,44,98.641,290.481,290.481,1523.4,1515.0,1527.0,463.3,465.0,82.0,46.0,10
sample,8wave_varlen_fp8,45,89.028,321.847,321.847,1556.6,1518.0,1609.0,476.9,503.0,81.0,46.0,8
sample,8wave_varlen_fp8,46,84.107,340.677,340.677,1668.9,1627.0,1705.0,530.4,550.0,81.0,47.0,8
sample,8wave_varlen_fp8,47,83.853,341.710,341.710,1739.1,1721.0,1754.0,567.9,578.0,82.0,47.0,8
sample,8wave_varlen_fp8,48,88.167,324.991,324.991,1734.6,1710.0,1760.0,573.9,580.0,82.0,47.0,8
sample,8wave_varlen_fp8,49,84.319,339.822,339.822,1755.9,1745.0,1764.0,582.5,589.0,82.0,47.0,8
sample,8wave_varlen_fp8,50,83.977,341.207,341.207,1772.8,1769.0,1776.0,590.4,594.0,83.0,47.0,8
sample,8wave_varlen_fp8,51,83.804,341.908,341.908,1780.8,1779.0,1783.0,594.2,597.0,83.0,47.0,8
sample,8wave_varlen_fp8,52,83.663,342.484,342.484,1785.4,1784.0,1787.0,596.4,598.0,84.0,47.0,8
sample,8wave_varlen_fp8,53,96.244,297.715,297.715,1722.1,1645.0,1787.0,564.8,595.0,84.0,47.0,9
sample,8wave_varlen_fp8,54,99.725,287.324,287.324,1587.5,1548.0,1630.0,498.3,518.0,84.0,47.0,10
sample,8wave_varlen_fp8,55,98.628,290.520,290.520,1537.6,1523.0,1546.0,472.2,475.0,83.0,47.0,10
sample,8wave_varlen_fp8,56,93.351,306.943,306.943,1539.0,1525.0,1575.0,470.8,488.0,82.0,47.0,9
sample,8wave_varlen_fp8,57,84.419,339.420,339.420,1644.8,1593.0,1685.0,519.9,542.0,82.0,47.0,8
sample,8wave_varlen_fp8,58,83.896,341.533,341.533,1721.0,1697.0,1741.0,559.0,572.0,82.0,47.0,8
sample,8wave_varlen_fp8,59,87.709,326.686,326.686,1732.7,1713.0,1753.0,566.0,575.0,83.0,47.0,9
sample,8wave_varlen_fp8,60,84.399,339.499,339.499,1739.1,1728.0,1751.0,569.1,579.0,83.0,47.0,8
sample,8wave_varlen_fp8,61,83.977,341.206,341.206,1763.2,1756.0,1769.0,582.6,589.0,83.0,47.0,8
sample,8wave_varlen_fp8,62,83.871,341.638,341.638,1775.0,1772.0,1778.0,590.2,595.0,84.0,47.0,8
sample,8wave_varlen_fp8,63,84.075,340.806,340.806,1781.3,1780.0,1783.0,593.6,597.0,84.0,47.0,9
sample,8wave_varlen_fp8,64,90.838,315.435,315.435,1761.0,1704.0,1785.0,584.1,596.0,84.0,47.0,8
sample,8wave_varlen_fp8,65,99.638,287.575,287.575,1623.6,1570.0,1684.0,516.4,547.0,84.0,47.0,10
sample,8wave_varlen_fp8,66,98.858,289.843,289.843,1548.8,1529.0,1563.0,478.1,484.0,84.0,47.0,10
sample,8wave_varlen_fp8,67,96.340,297.418,297.418,1531.6,1528.0,1539.0,468.1,472.0,83.0,47.0,9
sample,8wave_varlen_fp8,68,86.167,332.533,332.533,1606.1,1551.0,1659.0,502.3,530.0,82.0,47.0,9
sample,8wave_varlen_fp8,69,84.090,340.747,340.747,1701.8,1672.0,1728.0,550.5,567.0,82.0,47.0,8
throttle,8wave_varlen_fp8,{"accumulation_counter": null, "hbm_thermal_accumulated": null, "ppt_accumulated": null, "prochot_accumulated": null, "socket_thermal_accumulated": null, "vr_thermal_accumulated": null}
sample,impl,index,elapsed_ms,native_tflops,h3_tflops,sclk_mean_mhz,sclk_min_mhz,sclk_max_mhz,power_mean_w,power_max_w,junction_max_c,mem_max_c,sensor_count
sample,4wave_varlen_fp8,0,84.785,337.954,337.954,1482.8,1353.0,1592.0,350.4,443.0,75.0,46.0,9
sample,4wave_varlen_fp8,1,84.445,339.313,339.313,1661.2,1612.0,1701.0,497.8,535.0,75.0,46.0,8
sample,4wave_varlen_fp8,2,84.357,339.670,339.670,1731.8,1710.0,1749.0,559.9,578.0,75.0,46.0,8
sample,4wave_varlen_fp8,3,84.304,339.881,339.881,1762.4,1753.0,1770.0,588.1,597.0,76.0,46.0,8
sample,4wave_varlen_fp8,4,84.469,339.218,339.218,1776.0,1771.0,1779.0,602.0,608.0,77.0,46.0,9
sample,4wave_varlen_fp8,5,84.315,339.838,339.838,1782.1,1781.0,1784.0,608.6,612.0,78.0,47.0,8
sample,4wave_varlen_fp8,6,84.295,339.916,339.916,1785.8,1785.0,1787.0,611.1,614.0,78.0,47.0,8
sample,4wave_varlen_fp8,7,88.657,323.193,323.193,1760.1,1735.0,1788.0,605.4,611.0,79.0,47.0,9
sample,4wave_varlen_fp8,8,97.682,293.333,293.333,1696.4,1629.0,1760.0,569.7,602.0,79.0,47.0,9
sample,4wave_varlen_fp8,9,99.983,286.581,286.581,1582.4,1550.0,1617.0,508.6,526.0,79.0,47.0,10
sample,4wave_varlen_fp8,10,99.943,286.697,286.697,1536.6,1522.0,1549.0,483.8,489.0,79.0,47.0,10
sample,4wave_varlen_fp8,11,88.675,323.128,323.128,1565.9,1526.0,1624.0,495.9,527.0,79.0,47.0,8
sample,4wave_varlen_fp8,12,84.477,339.184,339.184,1684.2,1640.0,1720.0,557.9,579.0,79.0,47.0,9
sample,4wave_varlen_fp8,13,84.353,339.683,339.683,1743.8,1727.0,1757.0,589.4,598.0,80.0,47.0,8
sample,4wave_varlen_fp8,14,88.625,323.309,323.309,1737.9,1719.0,1763.0,593.6,599.0,80.0,47.0,8
sample,4wave_varlen_fp8,15,84.781,337.969,337.969,1761.1,1751.0,1770.0,602.2,608.0,81.0,47.0,8
sample,4wave_varlen_fp8,16,84.380,339.574,339.574,1776.8,1772.0,1780.0,609.2,613.0,81.0,47.0,8
sample,4wave_varlen_fp8,17,84.335,339.755,339.755,1783.9,1782.0,1785.0,612.8,615.0,82.0,47.0,8
sample,4wave_varlen_fp8,18,84.326,339.792,339.792,1787.4,1787.0,1788.0,614.6,617.0,83.0,47.0,8
sample,4wave_varlen_fp8,19,93.305,307.092,307.092,1747.5,1669.0,1789.0,593.8,616.0,83.0,47.0,10
sample,4wave_varlen_fp8,20,100.002,286.527,286.527,1611.3,1571.0,1658.0,523.6,546.0,83.0,47.0,9
sample,4wave_varlen_fp8,21,99.907,286.801,286.801,1548.6,1530.0,1565.0,490.2,498.0,82.0,47.0,10
sample,4wave_varlen_fp8,22,96.739,296.191,296.191,1534.1,1512.0,1553.0,483.9,497.0,82.0,47.0,9
sample,4wave_varlen_fp8,23,84.734,338.155,338.155,1633.8,1564.0,1688.0,537.2,565.0,81.0,47.0,9
sample,4wave_varlen_fp8,24,84.377,339.587,339.587,1722.8,1698.0,1743.0,580.8,593.0,82.0,47.0,8
sample,4wave_varlen_fp8,25,84.398,339.504,339.504,1758.1,1747.0,1768.0,598.9,605.0,82.0,47.0,8
sample,4wave_varlen_fp8,26,84.871,337.611,337.611,1771.4,1769.0,1774.0,605.0,608.0,83.0,47.0,8
sample,4wave_varlen_fp8,27,84.447,339.306,339.306,1779.9,1776.0,1783.0,609.9,614.0,83.0,47.0,9
sample,4wave_varlen_fp8,28,84.556,338.868,338.868,1785.6,1785.0,1786.0,612.0,615.0,84.0,47.0,8
sample,4wave_varlen_fp8,29,84.370,339.616,339.616,1787.0,1787.0,1787.0,614.5,617.0,84.0,47.0,8
sample,4wave_varlen_fp8,30,88.595,323.421,323.421,1776.0,1731.0,1788.0,609.3,616.0,84.0,47.0,9
sample,4wave_varlen_fp8,31,99.839,286.995,286.995,1644.0,1586.0,1712.0,541.3,575.0,84.0,47.0,10
sample,4wave_varlen_fp8,32,99.800,287.109,287.109,1561.4,1540.0,1583.0,497.1,507.0,84.0,47.0,9
sample,4wave_varlen_fp8,33,99.576,287.755,287.755,1534.7,1500.0,1549.0,489.6,497.0,83.0,47.0,10
sample,4wave_varlen_fp8,34,86.192,332.438,332.438,1596.8,1539.0,1652.0,515.5,544.0,83.0,47.0,8
sample,4wave_varlen_fp8,35,84.424,339.399,339.399,1703.0,1666.0,1732.0,568.9,585.0,83.0,47.0,9
sample,4wave_varlen_fp8,36,84.317,339.829,339.829,1750.8,1738.0,1761.0,594.6,603.0,83.0,47.0,8
sample,4wave_varlen_fp8,37,84.758,338.062,338.062,1767.0,1764.0,1769.0,604.0,607.0,84.0,47.0,8
sample,4wave_varlen_fp8,38,84.488,339.141,339.141,1774.0,1772.0,1777.0,607.8,612.0,84.0,47.0,8
sample,4wave_varlen_fp8,39,84.545,338.913,338.913,1781.2,1780.0,1783.0,610.8,614.0,84.0,47.0,9
sample,4wave_varlen_fp8,40,84.387,339.545,339.545,1784.5,1784.0,1785.0,614.4,617.0,85.0,47.0,8
sample,4wave_varlen_fp8,41,87.856,326.141,326.141,1779.5,1752.0,1786.0,612.4,616.0,85.0,47.0,8
sample,4wave_varlen_fp8,42,99.800,287.107,287.107,1656.7,1595.0,1731.0,548.7,585.0,85.0,47.0,10
sample,4wave_varlen_fp8,43,99.940,286.706,286.706,1562.4,1538.0,1587.0,497.9,510.0,84.0,47.0,10
sample,4wave_varlen_fp8,44,95.833,298.993,298.993,1552.1,1537.0,1569.0,490.1,498.0,84.0,47.0,9
sample,4wave_varlen_fp8,45,92.331,310.334,310.334,1568.0,1516.0,1624.0,502.9,535.0,83.0,47.0,9
sample,4wave_varlen_fp8,46,84.768,338.021,338.021,1682.0,1642.0,1715.0,558.1,577.0,83.0,47.0,8
sample,4wave_varlen_fp8,47,84.319,339.820,339.820,1742.0,1723.0,1757.0,589.2,599.0,83.0,47.0,9
sample,4wave_varlen_fp8,48,84.358,339.665,339.665,1767.8,1761.0,1774.0,603.2,609.0,84.0,47.0,8
sample,4wave_varlen_fp8,49,84.317,339.831,339.831,1779.0,1776.0,1782.0,610.4,614.0,84.0,47.0,8
sample,4wave_varlen_fp8,50,84.308,339.864,339.864,1784.5,1783.0,1786.0,613.5,615.0,84.0,47.0,8
sample,4wave_varlen_fp8,51,84.299,339.901,339.901,1787.0,1787.0,1787.0,614.8,617.0,85.0,47.0,8
sample,4wave_varlen_fp8,52,84.412,339.447,339.447,1788.0,1788.0,1788.0,615.5,617.0,85.0,47.0,8
sample,4wave_varlen_fp8,53,97.945,292.545,292.545,1709.1,1635.0,1785.0,574.1,611.0,85.0,47.0,9
sample,4wave_varlen_fp8,54,99.989,286.567,286.567,1585.8,1552.0,1623.0,510.7,529.0,85.0,47.0,10
sample,4wave_varlen_fp8,55,98.895,289.736,289.736,1542.5,1530.0,1550.0,486.5,490.0,84.0,47.0,10
sample,4wave_varlen_fp8,56,93.187,307.483,307.483,1544.0,1525.0,1592.0,486.0,511.0,83.0,47.0,9
sample,4wave_varlen_fp8,57,84.985,337.156,337.156,1654.2,1611.0,1693.0,541.2,563.0,83.0,46.0,8
sample,4wave_varlen_fp8,58,84.346,339.714,339.714,1726.2,1703.0,1745.0,579.0,591.0,83.0,47.0,8
sample,4wave_varlen_fp8,59,84.300,339.900,339.900,1759.5,1750.0,1767.0,597.5,604.0,83.0,47.0,8
sample,4wave_varlen_fp8,60,88.606,323.380,323.380,1741.4,1719.0,1770.0,596.4,603.0,84.0,47.0,9
sample,4wave_varlen_fp8,61,84.728,338.179,338.179,1765.6,1758.0,1772.0,603.8,608.0,84.0,47.0,8
sample,4wave_varlen_fp8,62,84.341,339.732,339.732,1778.8,1775.0,1782.0,610.6,614.0,85.0,47.0,9
sample,4wave_varlen_fp8,63,84.306,339.875,339.875,1784.5,1783.0,1786.0,613.6,616.0,85.0,47.0,8
sample,4wave_varlen_fp8,64,89.225,321.137,321.137,1776.1,1737.0,1787.0,609.0,615.0,85.0,47.0,8
sample,4wave_varlen_fp8,65,99.851,286.961,286.961,1646.8,1589.0,1713.0,543.0,577.0,85.0,47.0,10
sample,4wave_varlen_fp8,66,98.867,289.816,289.816,1564.6,1544.0,1581.0,499.4,508.0,84.0,47.0,10
sample,4wave_varlen_fp8,67,97.035,295.289,295.289,1540.3,1535.0,1544.0,484.6,486.0,84.0,47.0,9
sample,4wave_varlen_fp8,68,85.505,335.109,335.109,1619.1,1556.0,1671.0,522.7,551.0,83.0,47.0,9
sample,4wave_varlen_fp8,69,84.487,339.147,339.147,1711.5,1683.0,1735.0,570.9,586.0,83.0,47.0,8
throttle,4wave_varlen_fp8,{"accumulation_counter": null, "hbm_thermal_accumulated": null, "ppt_accumulated": null, "prochot_accumulated": null, "socket_thermal_accumulated": null, "vr_thermal_accumulated": null}
output,artifacts/h3-fp8-auto/profile-auto-fp8.json
