preflight,physical_gpu=4,bdf=0001:0b:00.0,busy=0,vram_mib=295.6,processes=0,dpm=auto
config,physical_gpu=4,bdf=0001:0b:00.0,warmup=3,iters=70,impls=triton_fp8,asm_mi308_fp8,h3_flops=28653368031232
environment,gpu=AMD Instinct MI308X,arch=gfx942:sramecc+:xnack-,power_cap_w=650.0,numa_balancing=1
[aiter] WARNING: NUMA balancing is enabled, which may cause errors. It is recommended to disable NUMA balancing by running "sudo sh -c 'echo 0 > /proc/sys/kernel/numa_balancing'" for more details: https://rocm.docs.amd.com/en/latest/how-to/system-optimization/mi300x.html#disable-numa-auto-balancing
[aiter] import [module_aiter_core] under /sgl-workspace/aiter/aiter/jit/module_aiter_core.so
/sgl-workspace/aiter/aiter/ops/triton/gluon/__init__.py:16: UserWarning: [aiter] AITER_USE_SYSTEM_TRITON=1: aiter gluon kernels require triton>=3.6.0, found 3.4.0. Please install a compatible version via .github/scripts/install_triton.sh, otherwise unexpected errors may occur.
  warnings.warn(
[aiter] import [module_fmha_v3_varlen_fwd] under /sgl-workspace/aiter/aiter/jit/module_fmha_v3_varlen_fwd.so
[aiter] type hints mismatch, override to --> fmha_v3_varlen_fwd(q: torch.Tensor, k: torch.Tensor, v: torch.Tensor, cu_seqlens_q: torch.Tensor, cu_seqlens_k: torch.Tensor, max_seqlen_q: int, max_seqlen_k: int, min_seqlen_q: int, dropout_p: float, softmax_scale: float, logits_soft_cap: float, zero_tensors: bool, is_causal: bool, window_size_left: int, window_size_right: int, return_softmax_lse: bool, return_dropout_randval: bool, how_v3_bf16_cvt: int, out: Optional[torch.Tensor] = None, block_table: Optional[torch.Tensor] = None, bias: Optional[torch.Tensor] = None, alibi_slopes: Optional[torch.Tensor] = None, q_descale: Optional[torch.Tensor] = None, k_descale: Optional[torch.Tensor] = None, v_descale: Optional[torch.Tensor] = None, gen: Optional[torch.Generator] = None, cu_seqlens_q_padded: Optional[torch.Tensor] = None, cu_seqlens_k_padded: Optional[torch.Tensor] = None) -> List[torch.Tensor]
[aiter] pciChipId: 0x74a2, CU count: 80
[aiter] LoadKernel: _ZN5aiter24fmha_fwd_hd128_fp8_groupE hsaco: /sgl-workspace/aiter/hsa//gfx942/fmha_v3_fwd/MI308/fwd_hd128_fp8_group.co
sample,impl,index,elapsed_ms,native_tflops,h3_tflops,sclk_mean_mhz,sclk_min_mhz,sclk_max_mhz,power_mean_w,power_max_w,junction_max_c,mem_max_c,sensor_count
sample,triton_fp8,0,162.550,176.274,176.274,1655.3,1517.0,1745.0,376.2,461.0,58.0,43.0,15
sample,triton_fp8,1,162.254,176.596,176.596,1783.9,1753.0,1803.0,487.4,504.0,60.0,44.0,16
sample,triton_fp8,2,161.763,177.131,177.131,1810.6,1806.0,1814.0,510.0,519.0,62.0,44.0,16
sample,triton_fp8,3,163.076,175.706,175.706,1816.0,1816.0,1816.0,521.1,530.0,64.0,44.0,16
sample,triton_fp8,4,162.004,176.868,176.868,1816.1,1816.0,1817.0,525.3,530.0,65.0,44.0,16
sample,triton_fp8,5,162.470,176.361,176.361,1816.6,1816.0,1818.0,523.9,526.0,66.0,44.0,15
sample,triton_fp8,6,162.600,176.220,176.220,1817.1,1816.0,1818.0,525.0,531.0,68.0,44.0,16
sample,triton_fp8,7,163.894,174.829,174.829,1817.4,1816.0,1819.0,527.8,532.0,69.0,44.0,16
sample,triton_fp8,8,165.531,173.100,173.100,1817.1,1816.0,1819.0,523.5,525.0,69.0,44.0,16
sample,triton_fp8,9,162.007,176.865,176.865,1816.8,1816.0,1818.0,519.7,525.0,70.0,44.0,16
sample,triton_fp8,10,162.262,176.587,176.587,1816.6,1816.0,1818.0,522.8,527.0,71.0,45.0,16
sample,triton_fp8,11,163.750,174.982,174.982,1816.2,1815.0,1818.0,520.9,525.0,71.0,45.0,16
sample,triton_fp8,12,163.378,175.381,175.381,1816.5,1816.0,1818.0,528.6,541.0,72.0,45.0,16
sample,triton_fp8,13,163.101,175.679,175.679,1816.4,1816.0,1818.0,532.2,535.0,72.0,45.0,16
sample,triton_fp8,14,162.138,176.722,176.722,1816.3,1815.0,1818.0,528.2,533.0,73.0,45.0,16
sample,triton_fp8,15,163.847,174.879,174.879,1815.6,1815.0,1816.0,528.2,534.0,73.0,45.0,16
sample,triton_fp8,16,161.601,177.309,177.309,1816.1,1815.0,1817.0,523.5,525.0,73.0,45.0,15
sample,triton_fp8,17,162.706,176.105,176.105,1816.2,1816.0,1817.0,523.7,532.0,74.0,45.0,16
sample,triton_fp8,18,162.743,176.065,176.065,1815.8,1815.0,1817.0,523.2,526.0,74.0,45.0,16
sample,triton_fp8,19,162.320,176.524,176.524,1816.0,1815.0,1817.0,521.6,525.0,74.0,45.0,16
sample,triton_fp8,20,161.309,177.631,177.631,1816.0,1815.0,1817.0,518.9,521.0,74.0,45.0,16
sample,triton_fp8,21,163.340,175.421,175.421,1815.7,1815.0,1817.0,520.9,525.0,74.0,45.0,15
sample,triton_fp8,22,163.076,175.705,175.705,1815.2,1815.0,1816.0,522.9,532.0,75.0,45.0,15
sample,triton_fp8,23,161.287,177.655,177.655,1815.8,1815.0,1817.0,522.4,524.0,75.0,45.0,16
sample,triton_fp8,24,161.963,176.913,176.913,1815.6,1815.0,1817.0,522.4,526.0,75.0,45.0,16
sample,triton_fp8,25,162.695,176.117,176.117,1815.4,1815.0,1817.0,526.9,534.0,75.0,45.0,16
sample,triton_fp8,26,169.509,169.037,169.037,1774.9,1723.0,1816.0,522.8,532.0,75.0,45.0,16
sample,triton_fp8,27,163.481,175.270,175.270,1800.3,1787.0,1809.0,524.4,528.0,75.0,46.0,16
sample,triton_fp8,28,163.607,175.136,175.136,1812.9,1812.0,1814.0,523.2,532.0,75.0,45.0,16
sample,triton_fp8,29,161.964,176.912,176.912,1815.1,1815.0,1816.0,523.8,528.0,75.0,45.0,16
sample,triton_fp8,30,162.317,176.527,176.527,1815.3,1815.0,1816.0,526.9,534.0,75.0,46.0,16
sample,triton_fp8,31,161.647,177.259,177.259,1815.2,1815.0,1816.0,529.2,534.0,75.0,45.0,15
sample,triton_fp8,32,163.480,175.271,175.271,1815.1,1815.0,1816.0,529.2,530.0,75.0,46.0,16
sample,triton_fp8,33,162.192,176.664,176.664,1815.8,1815.0,1817.0,522.3,526.0,75.0,46.0,16
sample,triton_fp8,34,161.253,177.692,177.692,1815.5,1815.0,1817.0,520.1,523.0,75.0,46.0,16
sample,triton_fp8,35,162.422,176.414,176.414,1815.2,1815.0,1816.0,523.8,531.0,76.0,46.0,16
sample,triton_fp8,36,162.605,176.215,176.215,1815.4,1815.0,1817.0,530.4,538.0,76.0,46.0,16
sample,triton_fp8,37,161.581,177.332,177.332,1814.3,1814.0,1815.0,529.3,532.0,76.0,46.0,15
sample,triton_fp8,38,161.983,176.892,176.892,1814.3,1814.0,1815.0,525.0,527.0,76.0,46.0,16
sample,triton_fp8,39,161.542,177.374,177.374,1814.1,1813.0,1815.0,522.5,527.0,76.0,46.0,16
sample,triton_fp8,40,161.853,177.033,177.033,1813.6,1813.0,1815.0,523.5,530.0,76.0,46.0,16
sample,triton_fp8,41,162.927,175.866,175.866,1814.0,1814.0,1814.0,526.3,529.0,76.0,46.0,15
sample,triton_fp8,42,161.706,177.194,177.194,1814.5,1814.0,1816.0,521.6,524.0,76.0,46.0,16
sample,triton_fp8,43,162.933,175.860,175.860,1814.4,1814.0,1815.0,522.8,527.0,76.0,46.0,16
sample,triton_fp8,44,163.192,175.581,175.581,1814.9,1814.0,1816.0,525.6,533.0,76.0,46.0,16
sample,triton_fp8,45,162.868,175.930,175.930,1815.1,1814.0,1817.0,528.1,538.0,76.0,46.0,16
sample,triton_fp8,46,162.270,176.578,176.578,1814.7,1814.0,1816.0,528.8,531.0,76.0,46.0,16
sample,triton_fp8,47,162.588,176.233,176.233,1814.8,1814.0,1816.0,526.8,533.0,76.0,46.0,16
sample,triton_fp8,48,162.452,176.381,176.381,1814.5,1814.0,1815.0,527.1,531.0,76.0,46.0,15
sample,triton_fp8,49,162.100,176.764,176.764,1814.9,1814.0,1816.0,524.5,528.0,76.0,46.0,16
sample,triton_fp8,50,161.931,176.948,176.948,1814.7,1814.0,1816.0,522.9,526.0,76.0,46.0,16
sample,triton_fp8,51,162.041,176.828,176.828,1814.7,1814.0,1816.0,525.1,532.0,76.0,46.0,16
sample,triton_fp8,52,166.584,172.006,172.006,1795.5,1739.0,1816.0,520.8,526.0,76.0,46.0,16
sample,triton_fp8,53,163.308,175.456,175.456,1791.6,1771.0,1804.0,521.1,536.0,76.0,46.0,16
sample,triton_fp8,54,161.832,177.057,177.057,1809.6,1806.0,1812.0,526.9,529.0,76.0,46.0,16
sample,triton_fp8,55,162.687,176.126,176.126,1813.1,1813.0,1814.0,526.4,534.0,76.0,46.0,16
sample,triton_fp8,56,162.111,176.752,176.752,1814.3,1814.0,1815.0,529.1,534.0,76.0,46.0,15
sample,triton_fp8,57,162.647,176.169,176.169,1814.5,1814.0,1816.0,527.6,532.0,76.0,46.0,16
sample,triton_fp8,58,162.053,176.815,176.815,1814.4,1813.0,1816.0,528.5,535.0,76.0,46.0,16
sample,triton_fp8,59,161.724,177.175,177.175,1813.7,1813.0,1815.0,525.7,528.0,76.0,46.0,16
sample,triton_fp8,60,162.488,176.342,176.342,1814.2,1814.0,1815.0,525.2,534.0,76.0,46.0,16
sample,triton_fp8,61,162.217,176.636,176.636,1814.5,1814.0,1816.0,526.3,528.0,76.0,46.0,15
sample,triton_fp8,62,164.376,174.316,174.316,1814.4,1814.0,1815.0,525.1,528.0,76.0,46.0,16
sample,triton_fp8,63,162.642,176.174,176.174,1814.8,1814.0,1816.0,522.4,531.0,76.0,46.0,16
sample,triton_fp8,64,161.601,177.309,177.309,1814.4,1814.0,1816.0,525.4,529.0,76.0,46.0,16
sample,triton_fp8,65,163.526,175.222,175.222,1814.0,1813.0,1815.0,524.4,528.0,76.0,46.0,16
sample,triton_fp8,66,163.474,175.278,175.278,1814.4,1814.0,1815.0,526.3,535.0,76.0,46.0,16
sample,triton_fp8,67,162.209,176.645,176.645,1814.7,1814.0,1816.0,526.8,531.0,76.0,46.0,16
sample,triton_fp8,68,162.124,176.738,176.738,1814.0,1813.0,1815.0,525.9,530.0,76.0,46.0,16
sample,triton_fp8,69,163.104,175.675,175.675,1814.5,1814.0,1816.0,525.3,532.0,76.0,46.0,15
throttle,triton_fp8,{"accumulation_counter": null, "hbm_thermal_accumulated": null, "ppt_accumulated": null, "prochot_accumulated": null, "socket_thermal_accumulated": null, "vr_thermal_accumulated": null}
sample,impl,index,elapsed_ms,native_tflops,h3_tflops,sclk_mean_mhz,sclk_min_mhz,sclk_max_mhz,power_mean_w,power_max_w,junction_max_c,mem_max_c,sensor_count
sample,asm_mi308_fp8,0,111.532,256.907,256.907,1618.1,1522.0,1692.0,351.0,413.0,69.0,45.0,10
sample,asm_mi308_fp8,1,111.276,257.497,257.497,1740.8,1704.0,1768.0,455.5,486.0,70.0,45.0,11
sample,asm_mi308_fp8,2,111.248,257.564,257.564,1783.8,1772.0,1792.0,494.5,509.0,71.0,45.0,11
sample,asm_mi308_fp8,3,111.281,257.486,257.486,1797.3,1794.0,1799.0,507.2,519.0,72.0,45.0,11
sample,asm_mi308_fp8,4,111.249,257.561,257.561,1801.5,1801.0,1802.0,512.9,524.0,72.0,45.0,11
sample,asm_mi308_fp8,5,111.262,257.531,257.531,1802.8,1802.0,1803.0,514.9,525.0,73.0,45.0,11
sample,asm_mi308_fp8,6,111.239,257.584,257.584,1803.0,1803.0,1803.0,515.0,524.0,74.0,45.0,10
sample,asm_mi308_fp8,7,111.256,257.544,257.544,1803.0,1803.0,1803.0,514.3,525.0,74.0,45.0,11
sample,asm_mi308_fp8,8,111.314,257.411,257.411,1803.0,1803.0,1803.0,515.4,525.0,75.0,45.0,11
sample,asm_mi308_fp8,9,111.290,257.467,257.467,1803.0,1803.0,1803.0,516.2,526.0,76.0,45.0,11
sample,asm_mi308_fp8,10,112.215,255.342,255.342,1803.2,1803.0,1804.0,515.6,525.0,76.0,46.0,11
sample,asm_mi308_fp8,11,111.267,257.519,257.519,1803.2,1803.0,1804.0,513.1,522.0,76.0,46.0,11
sample,asm_mi308_fp8,12,111.247,257.565,257.565,1803.1,1803.0,1804.0,513.0,524.0,77.0,45.0,11
sample,asm_mi308_fp8,13,111.277,257.497,257.497,1803.0,1803.0,1803.0,516.5,526.0,77.0,45.0,10
sample,asm_mi308_fp8,14,111.251,257.557,257.557,1803.1,1803.0,1804.0,515.5,525.0,77.0,45.0,11
sample,asm_mi308_fp8,15,111.247,257.566,257.566,1803.4,1803.0,1804.0,515.1,525.0,78.0,46.0,11
sample,asm_mi308_fp8,16,111.234,257.595,257.595,1803.3,1803.0,1804.0,514.6,524.0,78.0,46.0,11
sample,asm_mi308_fp8,17,116.675,245.584,245.584,1755.9,1725.0,1804.0,506.5,519.0,78.0,45.0,11
sample,asm_mi308_fp8,18,111.510,256.958,256.958,1785.3,1775.0,1792.0,510.7,522.0,78.0,45.0,11
sample,asm_mi308_fp8,19,113.151,253.231,253.231,1797.2,1794.0,1799.0,512.5,521.0,78.0,45.0,11
sample,asm_mi308_fp8,20,111.238,257.587,257.587,1801.4,1801.0,1802.0,513.0,523.0,79.0,45.0,11
sample,asm_mi308_fp8,21,111.246,257.569,257.569,1802.0,1802.0,1802.0,514.4,524.0,79.0,45.0,11
sample,asm_mi308_fp8,22,111.249,257.560,257.560,1802.9,1802.0,1803.0,514.5,523.0,79.0,46.0,11
sample,asm_mi308_fp8,23,111.289,257.469,257.469,1802.9,1802.0,1803.0,513.5,524.0,79.0,45.0,11
sample,asm_mi308_fp8,24,111.263,257.528,257.528,1802.9,1802.0,1803.0,515.2,525.0,79.0,45.0,10
sample,asm_mi308_fp8,25,111.249,257.560,257.560,1802.9,1802.0,1803.0,514.8,526.0,79.0,46.0,11
sample,asm_mi308_fp8,26,111.242,257.577,257.577,1802.9,1802.0,1803.0,515.0,524.0,79.0,45.0,11
sample,asm_mi308_fp8,27,111.227,257.612,257.612,1803.0,1803.0,1803.0,514.5,524.0,79.0,45.0,11
sample,asm_mi308_fp8,28,113.285,252.932,252.932,1803.0,1803.0,1803.0,513.7,523.0,80.0,45.0,11
sample,asm_mi308_fp8,29,112.275,255.207,255.207,1802.9,1802.0,1803.0,513.6,523.0,80.0,45.0,11
sample,asm_mi308_fp8,30,111.242,257.577,257.577,1802.5,1802.0,1803.0,514.3,524.0,80.0,45.0,11
sample,asm_mi308_fp8,31,112.280,255.196,255.196,1802.9,1802.0,1803.0,515.5,525.0,80.0,45.0,11
sample,asm_mi308_fp8,32,111.249,257.562,257.562,1802.8,1802.0,1803.0,514.7,526.0,80.0,45.0,11
sample,asm_mi308_fp8,33,112.279,255.198,255.198,1802.5,1802.0,1803.0,514.8,526.0,80.0,45.0,11
sample,asm_mi308_fp8,34,111.278,257.494,257.494,1802.3,1802.0,1803.0,514.4,524.0,80.0,45.0,10
sample,asm_mi308_fp8,35,111.288,257.471,257.471,1802.0,1802.0,1802.0,514.0,525.0,80.0,45.0,11
sample,asm_mi308_fp8,36,111.300,257.442,257.442,1802.0,1802.0,1802.0,515.1,524.0,80.0,45.0,11
sample,asm_mi308_fp8,37,111.304,257.434,257.434,1801.9,1801.0,1802.0,514.9,525.0,80.0,46.0,11
sample,asm_mi308_fp8,38,111.280,257.490,257.490,1801.9,1801.0,1802.0,514.8,524.0,80.0,46.0,11
sample,asm_mi308_fp8,39,112.365,255.002,255.002,1801.8,1801.0,1802.0,513.0,522.0,80.0,45.0,11
sample,asm_mi308_fp8,40,111.304,257.434,257.434,1801.9,1801.0,1802.0,512.9,524.0,80.0,45.0,11
sample,asm_mi308_fp8,41,111.299,257.444,257.444,1802.0,1802.0,1802.0,515.2,525.0,80.0,45.0,10
sample,asm_mi308_fp8,42,111.291,257.462,257.462,1801.9,1801.0,1802.0,514.7,524.0,80.0,45.0,11
sample,asm_mi308_fp8,43,111.305,257.432,257.432,1801.9,1801.0,1802.0,513.6,524.0,80.0,45.0,11
sample,asm_mi308_fp8,44,111.296,257.453,257.453,1801.9,1801.0,1802.0,516.1,526.0,80.0,45.0,11
sample,asm_mi308_fp8,45,111.463,257.067,257.067,1802.0,1801.0,1803.0,515.0,524.0,80.0,45.0,11
sample,asm_mi308_fp8,46,111.314,257.411,257.411,1801.8,1801.0,1802.0,514.8,525.0,80.0,45.0,11
sample,asm_mi308_fp8,47,111.284,257.479,257.479,1802.0,1802.0,1802.0,514.7,525.0,80.0,45.0,11
sample,asm_mi308_fp8,48,111.300,257.442,257.442,1801.9,1801.0,1802.0,516.1,526.0,80.0,45.0,10
sample,asm_mi308_fp8,49,111.314,257.411,257.411,1801.9,1801.0,1802.0,515.7,526.0,80.0,45.0,11
sample,asm_mi308_fp8,50,111.317,257.404,257.404,1801.9,1801.0,1802.0,515.7,525.0,80.0,45.0,11
sample,asm_mi308_fp8,51,111.296,257.452,257.452,1801.9,1801.0,1802.0,515.3,525.0,80.0,45.0,11
sample,asm_mi308_fp8,52,111.287,257.472,257.472,1801.9,1801.0,1802.0,514.9,525.0,80.0,45.0,11
sample,asm_mi308_fp8,53,111.295,257.455,257.455,1801.9,1801.0,1802.0,515.0,525.0,80.0,45.0,11
sample,asm_mi308_fp8,54,111.326,257.382,257.382,1801.8,1801.0,1802.0,514.8,526.0,80.0,45.0,11
sample,asm_mi308_fp8,55,111.312,257.414,257.414,1801.9,1801.0,1802.0,516.3,525.0,80.0,45.0,10
sample,asm_mi308_fp8,56,111.320,257.396,257.396,1801.9,1801.0,1802.0,514.5,524.0,80.0,45.0,11
sample,asm_mi308_fp8,57,111.301,257.439,257.439,1802.0,1802.0,1802.0,515.0,524.0,80.0,45.0,11
sample,asm_mi308_fp8,58,111.291,257.463,257.463,1801.9,1801.0,1802.0,513.9,523.0,80.0,45.0,11
sample,asm_mi308_fp8,59,111.293,257.458,257.458,1801.9,1801.0,1802.0,513.3,523.0,80.0,45.0,11
sample,asm_mi308_fp8,60,111.295,257.455,257.455,1801.9,1801.0,1802.0,513.6,524.0,80.0,45.0,11
sample,asm_mi308_fp8,61,111.303,257.435,257.435,1801.9,1801.0,1802.0,514.5,524.0,80.0,45.0,10
sample,asm_mi308_fp8,62,112.340,255.058,255.058,1801.9,1801.0,1802.0,512.5,522.0,80.0,45.0,11
sample,asm_mi308_fp8,63,111.285,257.478,257.478,1802.0,1802.0,1802.0,512.5,522.0,80.0,45.0,11
sample,asm_mi308_fp8,64,111.287,257.472,257.472,1801.9,1801.0,1802.0,513.5,523.0,80.0,45.0,11
sample,asm_mi308_fp8,65,111.280,257.489,257.489,1802.0,1802.0,1802.0,513.9,523.0,80.0,45.0,11
sample,asm_mi308_fp8,66,112.368,254.996,254.996,1801.7,1801.0,1802.0,514.1,523.0,80.0,45.0,11
sample,asm_mi308_fp8,67,111.281,257.488,257.488,1801.9,1801.0,1802.0,513.1,523.0,80.0,45.0,11
sample,asm_mi308_fp8,68,112.307,255.134,255.134,1801.9,1801.0,1802.0,513.5,524.0,80.0,45.0,11
sample,asm_mi308_fp8,69,111.303,257.435,257.435,1801.9,1801.0,1802.0,513.2,525.0,80.0,45.0,11
throttle,asm_mi308_fp8,{"accumulation_counter": null, "hbm_thermal_accumulated": null, "ppt_accumulated": null, "prochot_accumulated": null, "socket_thermal_accumulated": null, "vr_thermal_accumulated": null}
output,artifacts/h3-fp8-auto/profile-auto-aiter-mi308-fp8.json
